Archive member included to satisfy reference by file (symbol)

c:/nxp/mcuxpressoide_11.4.0_6237/ide/plugins/com.nxp.mcuxpresso.tools.win32_11.4.0.202103011116/tools/bin/../lib/gcc/arm-none-eabi/10.2.1/../../../../arm-none-eabi/lib/thumb/v6-m/nofp\libcr_nohost_nf.a(_cr__main.o)
                              ./startup/startup_mkl25z4.o (__main)
c:/nxp/mcuxpressoide_11.4.0_6237/ide/plugins/com.nxp.mcuxpresso.tools.win32_11.4.0.202103011116/tools/bin/../lib/gcc/arm-none-eabi/10.2.1/../../../../arm-none-eabi/lib/thumb/v6-m/nofp\libcr_nohost_nf.a(_cr_assert.o)
                              ./drivers/fsl_clock.o (__assertion_failed)
c:/nxp/mcuxpressoide_11.4.0_6237/ide/plugins/com.nxp.mcuxpresso.tools.win32_11.4.0.202103011116/tools/bin/../lib/gcc/arm-none-eabi/10.2.1/../../../../arm-none-eabi/lib/thumb/v6-m/nofp\libcr_nohost_nf.a(__ciob.o)
                              c:/nxp/mcuxpressoide_11.4.0_6237/ide/plugins/com.nxp.mcuxpresso.tools.win32_11.4.0.202103011116/tools/bin/../lib/gcc/arm-none-eabi/10.2.1/../../../../arm-none-eabi/lib/thumb/v6-m/nofp\libcr_nohost_nf.a(_cr_assert.o) (__Ciob)
c:/nxp/mcuxpressoide_11.4.0_6237/ide/plugins/com.nxp.mcuxpresso.tools.win32_11.4.0.202103011116/tools/bin/../lib/gcc/arm-none-eabi/10.2.1/../../../../arm-none-eabi/lib/thumb/v6-m/nofp\libcr_nohost_nf.a(__sys_appexit.o)
                              c:/nxp/mcuxpressoide_11.4.0_6237/ide/plugins/com.nxp.mcuxpresso.tools.win32_11.4.0.202103011116/tools/bin/../lib/gcc/arm-none-eabi/10.2.1/../../../../arm-none-eabi/lib/thumb/v6-m/nofp\libcr_nohost_nf.a(_cr_assert.o) (__sys_appexit)
c:/nxp/mcuxpressoide_11.4.0_6237/ide/plugins/com.nxp.mcuxpresso.tools.win32_11.4.0.202103011116/tools/bin/../lib/gcc/arm-none-eabi/10.2.1/../../../../arm-none-eabi/lib/thumb/v6-m/nofp\libcr_c.a(memcpy.o)
                              ./drivers/fsl_flash.o (memcpy)
c:/nxp/mcuxpressoide_11.4.0_6237/ide/plugins/com.nxp.mcuxpresso.tools.win32_11.4.0.202103011116/tools/bin/../lib/gcc/arm-none-eabi/10.2.1/../../../../arm-none-eabi/lib/thumb/v6-m/nofp\libcr_c.a(memset.o)
                              ./source/srec/srec_decoder.o (memset)
c:/nxp/mcuxpressoide_11.4.0_6237/ide/plugins/com.nxp.mcuxpresso.tools.win32_11.4.0.202103011116/tools/bin/../lib/gcc/arm-none-eabi/10.2.1/../../../../arm-none-eabi/lib/thumb/v6-m/nofp\libcr_c.a(_deferredlazyseek.o)
                              c:/nxp/mcuxpressoide_11.4.0_6237/ide/plugins/com.nxp.mcuxpresso.tools.win32_11.4.0.202103011116/tools/bin/../lib/gcc/arm-none-eabi/10.2.1/../../../../arm-none-eabi/lib/thumb/v6-m/nofp\libcr_nohost_nf.a(_cr_assert.o) (__flsbuf)
c:/nxp/mcuxpressoide_11.4.0_6237/ide/plugins/com.nxp.mcuxpresso.tools.win32_11.4.0.202103011116/tools/bin/../lib/gcc/arm-none-eabi/10.2.1/../../../../arm-none-eabi/lib/thumb/v6-m/nofp\libcr_c.a(_fflush.o)
                              c:/nxp/mcuxpressoide_11.4.0_6237/ide/plugins/com.nxp.mcuxpresso.tools.win32_11.4.0.202103011116/tools/bin/../lib/gcc/arm-none-eabi/10.2.1/../../../../arm-none-eabi/lib/thumb/v6-m/nofp\libcr_c.a(_deferredlazyseek.o) (_fflush)
c:/nxp/mcuxpressoide_11.4.0_6237/ide/plugins/com.nxp.mcuxpresso.tools.win32_11.4.0.202103011116/tools/bin/../lib/gcc/arm-none-eabi/10.2.1/../../../../arm-none-eabi/lib/thumb/v6-m/nofp\libcr_c.a(_writebuf.o)
                              c:/nxp/mcuxpressoide_11.4.0_6237/ide/plugins/com.nxp.mcuxpresso.tools.win32_11.4.0.202103011116/tools/bin/../lib/gcc/arm-none-eabi/10.2.1/../../../../arm-none-eabi/lib/thumb/v6-m/nofp\libcr_c.a(_deferredlazyseek.o) (_Cwritebuf)
c:/nxp/mcuxpressoide_11.4.0_6237/ide/plugins/com.nxp.mcuxpresso.tools.win32_11.4.0.202103011116/tools/bin/../lib/gcc/arm-none-eabi/10.2.1/../../../../arm-none-eabi/lib/thumb/v6-m/nofp\libcr_c.a(alloc.o)
                              c:/nxp/mcuxpressoide_11.4.0_6237/ide/plugins/com.nxp.mcuxpresso.tools.win32_11.4.0.202103011116/tools/bin/../lib/gcc/arm-none-eabi/10.2.1/../../../../arm-none-eabi/lib/thumb/v6-m/nofp\libcr_c.a(_deferredlazyseek.o) (_Csys_alloc)
c:/nxp/mcuxpressoide_11.4.0_6237/ide/plugins/com.nxp.mcuxpresso.tools.win32_11.4.0.202103011116/tools/bin/../lib/gcc/arm-none-eabi/10.2.1/../../../../arm-none-eabi/lib/thumb/v6-m/nofp\libcr_c.a(ctype.o)
                              ./source/cmdcentre/cmdcentre.o (__ctype)
c:/nxp/mcuxpressoide_11.4.0_6237/ide/plugins/com.nxp.mcuxpresso.tools.win32_11.4.0.202103011116/tools/bin/../lib/gcc/arm-none-eabi/10.2.1/../../../../arm-none-eabi/lib/thumb/v6-m/nofp\libcr_c.a(fputs.o)
                              c:/nxp/mcuxpressoide_11.4.0_6237/ide/plugins/com.nxp.mcuxpresso.tools.win32_11.4.0.202103011116/tools/bin/../lib/gcc/arm-none-eabi/10.2.1/../../../../arm-none-eabi/lib/thumb/v6-m/nofp\libcr_nohost_nf.a(_cr_assert.o) (fputs)
c:/nxp/mcuxpressoide_11.4.0_6237/ide/plugins/com.nxp.mcuxpresso.tools.win32_11.4.0.202103011116/tools/bin/../lib/gcc/arm-none-eabi/10.2.1/../../../../arm-none-eabi/lib/thumb/v6-m/nofp\libcr_c.a(fseek.o)
[...]
Memory Configuration

Name             Origin             Length             Attributes
PROGRAM_FLASH    0x00000000         0x00007530         xr
SRAM             0x1ffff000         0x00004000         xrw
*default*        0x00000000         0xffffffff

Linker script and memory map

LOAD ./startup/startup_mkl25z4.o
LOAD ./source/uart/uart.o
LOAD ./source/tpm/tpm.o
LOAD ./source/srec/srec_decoder.o
LOAD ./source/flash/flash.o
LOAD ./source/fifo/cbfifo.o
LOAD ./source/cmdcentre/cmdcentre.o
LOAD ./source/bootloader/bootApp.o
LOAD ./source/bootloader/bootloader.o
LOAD ./source/bootloader/loadApp.o
LOAD ./source/Bootloader_PES.o
LOAD ./source/mtb.o
LOAD ./source/semihost_hardfault.o
LOAD ./drivers/fsl_clock.o
LOAD ./drivers/fsl_common.o
LOAD ./drivers/fsl_flash.o
LOAD ./drivers/fsl_gpio.o
LOAD ./drivers/fsl_lpsci.o
LOAD ./drivers/fsl_smc.o
LOAD ./board/board.o
LOAD ./board/clock_config.o
LOAD ./board/peripherals.o
LOAD ./board/pin_mux.o
LOAD ./CMSIS/system_MKL25Z4.o
START GROUP
LOAD c:/nxp/mcuxpressoide_11.4.0_6237/ide/plugins/com.nxp.mcuxpresso.tools.win32_11.4.0.202103011116/tools/bin/../lib/gcc/arm-none-eabi/10.2.1/../../../../arm-none-eabi/lib/thumb/v6-m/nofp\libcr_nohost_nf.a
LOAD c:/nxp/mcuxpressoide_11.4.0_6237/ide/plugins/com.nxp.mcuxpresso.tools.win32_11.4.0.202103011116/tools/bin/../lib/gcc/arm-none-eabi/10.2.1/../../../../arm-none-eabi/lib/thumb/v6-m/nofp\libcr_c.a
LOAD c:/nxp/mcuxpressoide_11.4.0_6237/ide/plugins/com.nxp.mcuxpresso.tools.win32_11.4.0.202103011116/tools/bin/../lib/gcc/arm-none-eabi/10.2.1/thumb/v6-m/nofp\libcr_eabihelpers.a
LOAD c:/nxp/mcuxpressoide_11.4.0_6237/ide/plugins/com.nxp.mcuxpresso.tools.win32_11.4.0.202103011116/tools/bin/../lib/gcc/arm-none-eabi/10.2.1/thumb/v6-m/nofp\libgcc.a
END GROUP
                0x00000000                __base_PROGRAM_FLASH = 0x0
                0x00000000                __base_Flash = 0x0
                0x00007530                __top_PROGRAM_FLASH = 0x7530
                0x00007530                __top_Flash = 0x7530
                0x1ffff000                __base_SRAM = 0x1ffff000
                0x1ffff000                __base_RAM = 0x1ffff000
                0x20003000                __top_SRAM = 0x20003000
                0x20003000                __top_RAM = 0x20003000

.text           0x00000000     0x4e80
 FILL mask 0xff
                0x00000000                __vectors_start__ = ABSOLUTE (.)
 *(SORT_BY_ALIGNMENT(.isr_vector))
 .isr_vector    0x00000000       0xc0 ./startup/startup_mkl25z4.o
                0x00000000                g_pfnVectors
                0x00000000                __Vectors
                0x000000c0                . = ALIGN (0x4)
                0x000000c0                __section_table_start = .
                0x000000c0                __data_section_table = .
                0x000000c0        0x4 LONG 0x4e80 LOADADDR (.data)
                0x000000c4        0x4 LONG 0x1ffff080 ADDR (.data)
                0x000000c8        0x4 LONG 0x2f4 SIZEOF (.data)
                0x000000cc                __data_section_table_end = .
                0x000000cc                __bss_section_table = .
                0x000000cc        0x4 LONG 0x1ffff374 ADDR (.bss)
                0x000000d0        0x4 LONG 0x3f4 SIZEOF (.bss)
                0x000000d4                __bss_section_table_end = .
                0x000000d4                __section_table_end = .
 *(SORT_BY_ALIGNMENT(.after_vectors*))
 .after_vectors.reset
                0x000000d4       0x4c ./startup/startup_mkl25z4.o
                0x000000d4                ResetISR
 .after_vectors.init_data
                0x00000120       0x12 ./startup/startup_mkl25z4.o
                0x00000120                data_init
 .after_vectors.init_bss
                0x00000132       0x10 ./startup/startup_mkl25z4.o
                0x00000132                bss_init
 .after_vectors
                0x00000142      0x10c ./startup/startup_mkl25z4.o
                0x00000142                NMI_Handler
                0x00000146                SVC_Handler
                0x00000148                PendSV_Handler
                0x0000014a                SysTick_Handler
                0x0000014c                LPTMR0_DriverIRQHandler
                0x0000014c                Reserved39_DriverIRQHandler
                0x0000014c                DMA0_DriverIRQHandler
                0x0000014c                SPI1_DriverIRQHandler
                0x0000014c                I2C0_DriverIRQHandler
                0x0000014c                PORTD_DriverIRQHandler
                0x0000014c                DMA2_DriverIRQHandler
                0x0000014c                CMP0_DriverIRQHandler
                0x0000014c                TPM2_DriverIRQHandler
                0x0000014c                ADC0_DriverIRQHandler
                0x0000014c                TSI0_DriverIRQHandler
                0x0000014c                RTC_Seconds_DriverIRQHandler
                0x0000014c                SPI0_DriverIRQHandler
                0x0000014c                LLWU_DriverIRQHandler
                0x0000014c                MCG_DriverIRQHandler
                0x0000014c                I2C1_DriverIRQHandler
                0x0000014c                DMA1_DriverIRQHandler
                0x0000014c                UART1_DriverIRQHandler
                0x0000014c                UART2_DriverIRQHandler
                0x0000014c                FTFA_DriverIRQHandler
                0x0000014c                IntDefaultHandler
                0x0000014c                USB0_DriverIRQHandler
                0x0000014c                DAC0_DriverIRQHandler
                0x0000014c                PIT_DriverIRQHandler
                0x0000014c                LVD_LVW_DriverIRQHandler
                0x0000014c                TPM0_DriverIRQHandler
                0x0000014c                RTC_DriverIRQHandler
                0x0000014c                TPM1_DriverIRQHandler
                0x0000014c                Reserved20_DriverIRQHandler
                0x0000014c                DMA3_DriverIRQHandler
                0x0000014c                PORTA_DriverIRQHandler
                0x0000014c                Reserved45_DriverIRQHandler
                0x0000014e                DMA0_IRQHandler
                0x00000156                DMA1_IRQHandler
                0x0000015e                DMA2_IRQHandler
                0x00000166                DMA3_IRQHandler
                0x0000016e                Reserved20_IRQHandler
                0x00000176                FTFA_IRQHandler
                0x0000017e                LVD_LVW_IRQHandler
                0x00000186                LLWU_IRQHandler
                0x0000018e                I2C0_IRQHandler
                0x00000196                I2C1_IRQHandler
                0x0000019e                SPI0_IRQHandler
                0x000001a6                SPI1_IRQHandler
                0x000001b6                UART1_IRQHandler
                0x000001be                UART2_IRQHandler
                0x000001c6                ADC0_IRQHandler
                0x000001ce                CMP0_IRQHandler
                0x000001e6                TPM2_IRQHandler
                0x000001ee                RTC_IRQHandler
                0x000001f6                RTC_Seconds_IRQHandler
                0x000001fe                PIT_IRQHandler
                0x00000206                Reserved39_IRQHandler
                0x0000020e                USB0_IRQHandler
                0x00000216                DAC0_IRQHandler
                0x0000021e                TSI0_IRQHandler
                0x00000226                MCG_IRQHandler
                0x0000022e                LPTMR0_IRQHandler
                0x00000236                Reserved45_IRQHandler
                0x0000023e                PORTA_IRQHandler
                0x00000246                PORTD_IRQHandler
                0x00000400                . = 0x400
 *fill*         0x0000024e      0x1b2 ff
                0x00000400                PROVIDE (__FLASH_CONFIG_START__ = .)
 *(SORT_BY_ALIGNMENT(.FlashConfig))
 .FlashConfig   0x00000400       0x10 ./startup/startup_mkl25z4.o
                0x00000400                Flash_Config
                0x00000410                PROVIDE (__FLASH_CONFIG_END__ = .)
                0x00000001                ASSERT (! ((__FLASH_CONFIG_START__ == __FLASH_CONFIG_END__)), Linker Flash Config Support Enabled, but no .FlashConfig section provided within application)
 *(SORT_BY_ALIGNMENT(.text*))
 .text.NVIC_EnableIRQ
                0x00000410       0x2c ./source/uart/uart.o
 .text.NVIC_DisableIRQ
                0x0000043c       0x30 ./source/uart/uart.o
 .text.NVIC_ClearPendingIRQ
                0x0000046c       0x30 ./source/uart/uart.o
 .text.NVIC_SetPriority
                0x0000049c       0xdc ./source/uart/uart.o
 .text._xmit_status
                0x00000578       0x34 ./source/uart/uart.o
                0x00000578                _xmit_status
 .text._recv_status
                0x000005ac       0x34 ./source/uart/uart.o
                0x000005ac                _recv_status
 .text.UART_Deinit
                0x000005e0       0x78 ./source/uart/uart.o
                0x000005e0                UART_Deinit
 .text.UART_Init
                0x00000658      0x164 ./source/uart/uart.o
                0x00000658                UART_Init
 .text.UART_SendBytes
                0x000007bc       0x40 ./source/uart/uart.o
                0x000007bc                UART_SendBytes
 .text.UART_RecvChar
                0x000007fc       0x24 ./source/uart/uart.o
                0x000007fc                UART_RecvChar
 .text.UART_RecvByte
                0x00000820       0x7c ./source/uart/uart.o
                0x00000820                UART_RecvByte
 .text.__sys_write
                0x0000089c       0x70 ./source/uart/uart.o
                0x0000089c                __sys_write
 .text.__sys_readc
                0x0000090c       0x44 ./source/uart/uart.o
                0x0000090c                __sys_readc
 .text.NVIC_EnableIRQ
                0x00000950       0x2c ./source/tpm/tpm.o
 .text.NVIC_DisableIRQ
                0x0000097c       0x30 ./source/tpm/tpm.o
 .text.NVIC_ClearPendingIRQ
                0x000009ac       0x30 ./source/tpm/tpm.o
 .text.TPM1_IRQHandler
                0x000009dc       0x34 ./source/tpm/tpm.o
                0x000009dc                TPM1_IRQHandler
 .text.Tpm_Deinit
                0x00000a10       0x54 ./source/tpm/tpm.o
                0x00000a10                Tpm_Deinit
 .text.Tpm_Init
                0x00000a64       0xa0 ./source/tpm/tpm.o
                0x00000a64                Tpm_Init
 .text.Flash_erase
                0x00000b04       0x60 ./source/flash/flash.o
                0x00000b04                Flash_erase
 .text.Flash_write
                0x00000b64       0xb4 ./source/flash/flash.o
                0x00000b64                Flash_write
 .text.NVIC_EnableIRQ
                0x00000c18       0x2c ./source/fifo/cbfifo.o
 .text.NVIC_DisableIRQ
                0x00000c44       0x30 ./source/fifo/cbfifo.o
 .text.CmdCentre_HelpHandler
                0x00000c74       0x9c ./source/cmdcentre/cmdcentre.o
                0x00000c74                CmdCentre_HelpHandler
 .text.CmdCentre_Erase
                0x00000d10       0x24 ./source/cmdcentre/cmdcentre.o
                0x00000d10                CmdCentre_Erase
 .text.CmdCentre_Program
                0x00000d34       0x30 ./source/cmdcentre/cmdcentre.o
                0x00000d34                CmdCentre_Program
 .text.CmdCentre_BootApplication
                0x00000d64       0x24 ./source/cmdcentre/cmdcentre.o
                0x00000d64                CmdCentre_BootApplication
 .text._de_tokentizer
                0x00000d88       0x98 ./source/cmdcentre/cmdcentre.o
                0x00000d88                _de_tokentizer
 .text.CmdCentre_WordEngine
                0x00000e20       0xd0 ./source/cmdcentre/cmdcentre.o
                0x00000e20                CmdCentre_WordEngine
 .text.CmdCentre_CommandEngine
                0x00000ef0       0xc4 ./source/cmdcentre/cmdcentre.o
                0x00000ef0                CmdCentre_CommandEngine
 .text.BootApp  0x00000fb4       0x28 ./source/bootloader/bootApp.o
                0x00000fb4                BootApp
 .text.Bootloader_OneSecondCounter
                0x00000fdc       0x58 ./source/bootloader/bootloader.o
                0x00000fdc                Bootloader_OneSecondCounter
 .text.Bootloader_StateMachine
                0x00001034       0x9c ./source/bootloader/bootloader.o
                0x00001034                Bootloader_StateMachine
 .text.Bootloader_SetState
                0x000010d0       0x20 ./source/bootloader/bootloader.o
                0x000010d0                Bootloader_SetState
 .text.Bootloader_GetState
                0x000010f0       0x14 ./source/bootloader/bootloader.o
                0x000010f0                Bootloader_GetState
 .text.get_hex_equiv
                0x00001104       0x80 ./source/bootloader/loadApp.o
                0x00001104                get_hex_equiv
 .text.Load_SRECLine
                0x00001184      0x2b4 ./source/bootloader/loadApp.o
                0x00001184                Load_SRECLine
 .text.main     0x00001438       0x7c ./source/Bootloader_PES.o
                0x00001438                main
 .text.HardFault_Handler
                0x000014b4       0x30 ./source/semihost_hardfault.o
                0x000014b4                HardFault_Handler
 .text.CLOCK_SetEr32kClock
                0x000014e4       0x34 ./drivers/fsl_clock.o
 .text.CLOCK_SetPllFllSelClock
                0x00001518       0x38 ./drivers/fsl_clock.o
 .text.CLOCK_GetOscRangeFromFreq
                0x00001550       0x4c ./drivers/fsl_clock.o
 .text.CLOCK_SetSimConfig
                0x0000159c       0x38 ./drivers/fsl_clock.o
                0x0000159c                CLOCK_SetSimConfig
 .text.CLOCK_SetInternalRefClkConfig
                0x000015d4      0x124 ./drivers/fsl_clock.o
                0x000015d4                CLOCK_SetInternalRefClkConfig
 .text.CLOCK_EnablePll0
                0x000016f8       0x94 ./drivers/fsl_clock.o
                0x000016f8                CLOCK_EnablePll0
 .text.CLOCK_InitOsc0
                0x0000178c       0x94 ./drivers/fsl_clock.o
                0x0000178c                CLOCK_InitOsc0
 .text.CLOCK_SetPbeMode
                0x00001820       0xb0 ./drivers/fsl_clock.o
                0x00001820                CLOCK_SetPbeMode
 .text.CLOCK_BootToPeeMode
                0x000018d0       0x70 ./drivers/fsl_clock.o
                0x000018d0                CLOCK_BootToPeeMode
 .text.UART0_DriverIRQHandler
                0x00001940       0x24 ./drivers/fsl_lpsci.o
                0x00001940                UART0_DriverIRQHandler
 .text.CLOCK_SetLpsci0Clock
                0x00001964       0x38 ./board/board.o
 .text.CLOCK_SetSimSafeDivs
                0x0000199c       0x20 ./board/clock_config.o
 .text.CLOCK_SetXtal0Freq
                0x000019bc       0x1c ./board/clock_config.o
 .text.CLOCK_CONFIG_SetFllExtRefDiv
                0x000019d8       0x3c ./board/clock_config.o
 .text.BOARD_BootClockRUN
                0x00001a14       0x64 ./board/clock_config.o
                0x00001a14                BOARD_BootClockRUN
 .text.CLOCK_EnableClock
                0x00001a78       0x34 ./board/pin_mux.o
 .text.PORT_SetPinMux
                0x00001aac       0x40 ./board/pin_mux.o
 .text.BOARD_InitPins
                0x00001aec       0x4c ./board/pin_mux.o
                0x00001aec                BOARD_InitPins
 .text.SystemInit
                0x00001b38       0x18 ./CMSIS/system_MKL25Z4.o
                0x00001b38                SystemInit
 .text.__assertion_failed
                0x00001b50       0x4c c:/nxp/mcuxpressoide_11.4.0_6237/ide/plugins/com.nxp.mcuxpresso.tools.win32_11.4.0.202103011116/tools/bin/../lib/gcc/arm-none-eabi/10.2.1/../../../../arm-none-eabi/lib/thumb/v6-m/nofp\libcr_nohost_nf.a(_cr_assert.o)
                0x00001b50                __assertion_failed
 .text._deferredlazyseek
                0x00001b9c       0x40 c:/nxp/mcuxpressoide_11.4.0_6237/ide/plugins/com.nxp.mcuxpresso.tools.win32_11.4.0.202103011116/tools/bin/../lib/gcc/arm-none-eabi/10.2.1/../../../../arm-none-eabi/lib/thumb/v6-m/nofp\libcr_c.a(_deferredlazyseek.o)
                0x00001b9c                _deferredlazyseek
 .text.__flsbuf
                0x00001bdc      0x150 c:/nxp/mcuxpressoide_11.4.0_6237/ide/plugins/com.nxp.mcuxpresso.tools.win32_11.4.0.202103011116/tools/bin/../lib/gcc/arm-none-eabi/10.2.1/../../../../arm-none-eabi/lib/thumb/v6-m/nofp\libcr_c.a(_deferredlazyseek.o)
                0x00001bdc                __flsbuf
 .text._fflush  0x00001d2c       0x60 c:/nxp/mcuxpressoide_11.4.0_6237/ide/plugins/com.nxp.mcuxpresso.tools.win32_11.4.0.202103011116/tools/bin/../lib/gcc/arm-none-eabi/10.2.1/../../../../arm-none-eabi/lib/thumb/v6-m/nofp\libcr_c.a(_fflush.o)
                0x00001d2c                _fflush
 .text._Cwritebuf
                0x00001d8c       0x68 c:/nxp/mcuxpressoide_11.4.0_6237/ide/plugins/com.nxp.mcuxpresso.tools.win32_11.4.0.202103011116/tools/bin/../lib/gcc/arm-none-eabi/10.2.1/../../../../arm-none-eabi/lib/thumb/v6-m/nofp\libcr_c.a(_writebuf.o)
                0x00001d8c                _Cwritebuf
 .text.malloc   0x00001df4       0xd0 c:/nxp/mcuxpressoide_11.4.0_6237/ide/plugins/com.nxp.mcuxpresso.tools.win32_11.4.0.202103011116/tools/bin/../lib/gcc/arm-none-eabi/10.2.1/../../../../arm-none-eabi/lib/thumb/v6-m/nofp\libcr_c.a(alloc.o)
                0x00001df4                malloc
 .text._Csys_alloc
                0x00001ec4       0x20 c:/nxp/mcuxpressoide_11.4.0_6237/ide/plugins/com.nxp.mcuxpresso.tools.win32_11.4.0.202103011116/tools/bin/../lib/gcc/arm-none-eabi/10.2.1/../../../../arm-none-eabi/lib/thumb/v6-m/nofp\libcr_c.a(alloc.o)
                0x00001ec4                _Csys_alloc
 .text.fseek    0x00001ee4       0xf0 c:/nxp/mcuxpressoide_11.4.0_6237/ide/plugins/com.nxp.mcuxpresso.tools.win32_11.4.0.202103011116/tools/bin/../lib/gcc/arm-none-eabi/10.2.1/../../../../arm-none-eabi/lib/thumb/v6-m/nofp\libcr_c.a(fseek.o)
                0x00001ee4                fseek
 .text.ftell    0x00001fd4       0x48 c:/nxp/mcuxpressoide_11.4.0_6237/ide/plugins/com.nxp.mcuxpresso.tools.win32_11.4.0.202103011116/tools/bin/../lib/gcc/arm-none-eabi/10.2.1/../../../../arm-none-eabi/lib/thumb/v6-m/nofp\libcr_c.a(ftell.o)
                0x00001fd4                ftell
 .text._initio  0x0000201c       0x7c c:/nxp/mcuxpressoide_11.4.0_6237/ide/plugins/com.nxp.mcuxpresso.tools.win32_11.4.0.202103011116/tools/bin/../lib/gcc/arm-none-eabi/10.2.1/../../../../arm-none-eabi/lib/thumb/v6-m/nofp\libcr_c.a(initio.o)
                0x0000201c                _initio
 .text.__vfprintf
                0x00002098      0xd40 c:/nxp/mcuxpressoide_11.4.0_6237/ide/plugins/com.nxp.mcuxpresso.tools.win32_11.4.0.202103011116/tools/bin/../lib/gcc/arm-none-eabi/10.2.1/../../../../arm-none-eabi/lib/thumb/v6-m/nofp\libcr_c.a(printf.o)
                0x00002098                __vfprintf
 .text._vsnprintf
                0x00002dd8       0x70 c:/nxp/mcuxpressoide_11.4.0_6237/ide/plugins/com.nxp.mcuxpresso.tools.win32_11.4.0.202103011116/tools/bin/../lib/gcc/arm-none-eabi/10.2.1/../../../../arm-none-eabi/lib/thumb/v6-m/nofp\libcr_c.a(printf.o)
                0x00002dd8                _vsnprintf
 .text._printf  0x00002e48       0x50 c:/nxp/mcuxpressoide_11.4.0_6237/ide/plugins/com.nxp.mcuxpresso.tools.win32_11.4.0.202103011116/tools/bin/../lib/gcc/arm-none-eabi/10.2.1/../../../../arm-none-eabi/lib/thumb/v6-m/nofp\libcr_c.a(printf.o)
                0x00002e48                _printf
 .text.ch_val   0x00002e98       0x30 c:/nxp/mcuxpressoide_11.4.0_6237/ide/plugins/com.nxp.mcuxpresso.tools.win32_11.4.0.202103011116/tools/bin/../lib/gcc/arm-none-eabi/10.2.1/../../../../arm-none-eabi/lib/thumb/v6-m/nofp\libcr_c.a(scanf.o)
 .text.cr_rd_int
                0x00002ec8      0x1c8 c:/nxp/mcuxpressoide_11.4.0_6237/ide/plugins/com.nxp.mcuxpresso.tools.win32_11.4.0.202103011116/tools/bin/../lib/gcc/arm-none-eabi/10.2.1/../../../../arm-none-eabi/lib/thumb/v6-m/nofp\libcr_c.a(scanf.o)
 .text.vfscanf  0x00003090      0x958 c:/nxp/mcuxpressoide_11.4.0_6237/ide/plugins/com.nxp.mcuxpresso.tools.win32_11.4.0.202103011116/tools/bin/../lib/gcc/arm-none-eabi/10.2.1/../../../../arm-none-eabi/lib/thumb/v6-m/nofp\libcr_c.a(scanf.o)
                0x00003090                vfscanf
 .text.setvbuf  0x000039e8       0x4c c:/nxp/mcuxpressoide_11.4.0_6237/ide/plugins/com.nxp.mcuxpresso.tools.win32_11.4.0.202103011116/tools/bin/../lib/gcc/arm-none-eabi/10.2.1/../../../../arm-none-eabi/lib/thumb/v6-m/nofp\libcr_c.a(setvbuf.o)
                0x000039e8                setvbuf
 .text.strcmp   0x00003a34       0x44 c:/nxp/mcuxpressoide_11.4.0_6237/ide/plugins/com.nxp.mcuxpresso.tools.win32_11.4.0.202103011116/tools/bin/../lib/gcc/arm-none-eabi/10.2.1/../../../../arm-none-eabi/lib/thumb/v6-m/nofp\libcr_c.a(strcmp.o)
                0x00003a34                strcmp
 .text.strlen   0x00003a78       0x58 c:/nxp/mcuxpressoide_11.4.0_6237/ide/plugins/com.nxp.mcuxpresso.tools.win32_11.4.0.202103011116/tools/bin/../lib/gcc/arm-none-eabi/10.2.1/../../../../arm-none-eabi/lib/thumb/v6-m/nofp\libcr_c.a(strlen.o)
                0x00003a78                strlen
 .text.strncpy  0x00003ad0       0x58 c:/nxp/mcuxpressoide_11.4.0_6237/ide/plugins/com.nxp.mcuxpresso.tools.win32_11.4.0.202103011116/tools/bin/../lib/gcc/arm-none-eabi/10.2.1/../../../../arm-none-eabi/lib/thumb/v6-m/nofp\libcr_c.a(strncpy.o)
                0x00003ad0                strncpy
 .text.ungetc   0x00003b28       0x3c c:/nxp/mcuxpressoide_11.4.0_6237/ide/plugins/com.nxp.mcuxpresso.tools.win32_11.4.0.202103011116/tools/bin/../lib/gcc/arm-none-eabi/10.2.1/../../../../arm-none-eabi/lib/thumb/v6-m/nofp\libcr_c.a(ungetc.o)
                0x00003b28                ungetc
 .text.__filbuf
                0x00003b64      0x188 c:/nxp/mcuxpressoide_11.4.0_6237/ide/plugins/com.nxp.mcuxpresso.tools.win32_11.4.0.202103011116/tools/bin/../lib/gcc/arm-none-eabi/10.2.1/../../../../arm-none-eabi/lib/thumb/v6-m/nofp\libcr_c.a(__fillbuf.o)
                0x00003b64                __filbuf
 .text._sbrk    0x00003cec       0x44 c:/nxp/mcuxpressoide_11.4.0_6237/ide/plugins/com.nxp.mcuxpresso.tools.win32_11.4.0.202103011116/tools/bin/../lib/gcc/arm-none-eabi/10.2.1/../../../../arm-none-eabi/lib/thumb/v6-m/nofp\libcr_c.a(_cr_sbrk.o)
                0x00003cec                _sbrk
 .text._fdopen  0x00003d30       0x74 c:/nxp/mcuxpressoide_11.4.0_6237/ide/plugins/com.nxp.mcuxpresso.tools.win32_11.4.0.202103011116/tools/bin/../lib/gcc/arm-none-eabi/10.2.1/../../../../arm-none-eabi/lib/thumb/v6-m/nofp\libcr_c.a(_fdopen.o)
                0x00003d30                _fdopen
 .text._frexpl  0x00003da4       0x80 c:/nxp/mcuxpressoide_11.4.0_6237/ide/plugins/com.nxp.mcuxpresso.tools.win32_11.4.0.202103011116/tools/bin/../lib/gcc/arm-none-eabi/10.2.1/../../../../arm-none-eabi/lib/thumb/v6-m/nofp\libcr_c.a(_frexpl.o)
                0x00003da4                _frexpl
 .text._ldexpl  0x00003e24       0x58 c:/nxp/mcuxpressoide_11.4.0_6237/ide/plugins/com.nxp.mcuxpresso.tools.win32_11.4.0.202103011116/tools/bin/../lib/gcc/arm-none-eabi/10.2.1/../../../../arm-none-eabi/lib/thumb/v6-m/nofp\libcr_c.a(_ldexpl.o)
                0x00003e24                _ldexpl
 .text.fclose   0x00003e7c       0x5c c:/nxp/mcuxpressoide_11.4.0_6237/ide/plugins/com.nxp.mcuxpresso.tools.win32_11.4.0.202103011116/tools/bin/../lib/gcc/arm-none-eabi/10.2.1/../../../../arm-none-eabi/lib/thumb/v6-m/nofp\libcr_c.a(fclose.o)
                0x00003e7c                fclose
 .text.fflush   0x00003ed8       0x44 c:/nxp/mcuxpressoide_11.4.0_6237/ide/plugins/com.nxp.mcuxpresso.tools.win32_11.4.0.202103011116/tools/bin/../lib/gcc/arm-none-eabi/10.2.1/../../../../arm-none-eabi/lib/thumb/v6-m/nofp\libcr_c.a(fflush.o)
                0x00003ed8                fflush
 .text.__check_heap_overflow
                0x00003f1c       0x18 c:/nxp/mcuxpressoide_11.4.0_6237/ide/plugins/com.nxp.mcuxpresso.tools.win32_11.4.0.202103011116/tools/bin/../lib/gcc/arm-none-eabi/10.2.1/../../../../arm-none-eabi/lib/thumb/v6-m/nofp\libcr_c.a(_cr_check_heap.o)
                0x00003f1c                __check_heap_overflow
 .text._do_fflush
                0x00003f34       0x48 c:/nxp/mcuxpressoide_11.4.0_6237/ide/plugins/com.nxp.mcuxpresso.tools.win32_11.4.0.202103011116/tools/bin/../lib/gcc/arm-none-eabi/10.2.1/../../../../arm-none-eabi/lib/thumb/v6-m/nofp\libcr_c.a(_do_fflush.o)
                0x00003f34                _do_fflush
 .text.__aeabi_dmul
                0x00003f7c      0x184 c:/nxp/mcuxpressoide_11.4.0_6237/ide/plugins/com.nxp.mcuxpresso.tools.win32_11.4.0.202103011116/tools/bin/../lib/gcc/arm-none-eabi/10.2.1/thumb/v6-m/nofp\libcr_eabihelpers.a(double.o)
                0x00003f7c                __aeabi_dmul
 .text.__aeabi_ddiv
                0x00004100      0x14c c:/nxp/mcuxpressoide_11.4.0_6237/ide/plugins/com.nxp.mcuxpresso.tools.win32_11.4.0.202103011116/tools/bin/../lib/gcc/arm-none-eabi/10.2.1/thumb/v6-m/nofp\libcr_eabihelpers.a(double.o)
                0x00004100                __aeabi_ddiv
 .text.__aeabi_dsub
                0x0000424c      0x1c0 c:/nxp/mcuxpressoide_11.4.0_6237/ide/plugins/com.nxp.mcuxpresso.tools.win32_11.4.0.202103011116/tools/bin/../lib/gcc/arm-none-eabi/10.2.1/thumb/v6-m/nofp\libcr_eabihelpers.a(double.o)
                0x0000424c                __aeabi_dsub
 .text.__aeabi_dadd
                0x0000440c      0x134 c:/nxp/mcuxpressoide_11.4.0_6237/ide/plugins/com.nxp.mcuxpresso.tools.win32_11.4.0.202103011116/tools/bin/../lib/gcc/arm-none-eabi/10.2.1/thumb/v6-m/nofp\libcr_eabihelpers.a(double.o)
                0x0000440c                __aeabi_dadd
 .text.__aeabi_d2f
                0x00004540       0x60 c:/nxp/mcuxpressoide_11.4.0_6237/ide/plugins/com.nxp.mcuxpresso.tools.win32_11.4.0.202103011116/tools/bin/../lib/gcc/arm-none-eabi/10.2.1/thumb/v6-m/nofp\libcr_eabihelpers.a(double.o)
                0x00004540                __aeabi_d2f
 .text.__aeabi_dcmpeq
                0x000045a0       0x30 c:/nxp/mcuxpressoide_11.4.0_6237/ide/plugins/com.nxp.mcuxpresso.tools.win32_11.4.0.202103011116/tools/bin/../lib/gcc/arm-none-eabi/10.2.1/thumb/v6-m/nofp\libcr_eabihelpers.a(double.o)
                0x000045a0                __aeabi_dcmpeq
 .text.__aeabi_dcmpge
                0x000045d0       0x5c c:/nxp/mcuxpressoide_11.4.0_6237/ide/plugins/com.nxp.mcuxpresso.tools.win32_11.4.0.202103011116/tools/bin/../lib/gcc/arm-none-eabi/10.2.1/thumb/v6-m/nofp\libcr_eabihelpers.a(double.o)
                0x000045d0                __aeabi_dcmpge
 .text.SendXONOFF
                0x0000462c       0x2c ./source/uart/uart.o
                0x0000462c                SendXONOFF
 .text.cbfifo_init
                0x00004658       0x46 ./source/fifo/cbfifo.o
                0x00004658                cbfifo_init
 .text.cbfifo_length
                0x0000469e       0x18 ./source/fifo/cbfifo.o
                0x0000469e                cbfifo_length
 .text.cbfifo_capacity
                0x000046b6       0x14 ./source/fifo/cbfifo.o
                0x000046b6                cbfifo_capacity
 .text.FlashErase
                0x000046ca       0x36 ./source/bootloader/loadApp.o
                0x000046ca                FlashErase
 .text.start_application
                0x00004700       0x18 ./source/bootloader/loadApp.o
                0x00004700                start_application
 .text.OSC_SetExtRefClkConfig
                0x00004718       0x3e ./drivers/fsl_clock.o
 .text.OSC_SetCapLoad
                0x00004756       0x42 ./drivers/fsl_clock.o
 .text.CLOCK_SetExternalRefClkConfig
                0x00004798       0x16 ./drivers/fsl_clock.o
                0x00004798                CLOCK_SetExternalRefClkConfig
 .text.BOARD_InitDebugConsole
                0x000047ae       0x10 ./board/board.o
                0x000047ae                BOARD_InitDebugConsole
 .text.BOARD_InitBootClocks
                0x000047be        0xe ./board/clock_config.o
                0x000047be                BOARD_InitBootClocks
 .text.BOARD_InitBootPeripherals
                0x000047cc        0xa ./board/peripherals.o
                0x000047cc                BOARD_InitBootPeripherals
 .text.BOARD_InitBootPins
                0x000047d6        0xe ./board/pin_mux.o
                0x000047d6                BOARD_InitBootPins
 .text.__main   0x000047e4        0xc c:/nxp/mcuxpressoide_11.4.0_6237/ide/plugins/com.nxp.mcuxpresso.tools.win32_11.4.0.202103011116/tools/bin/../lib/gcc/arm-none-eabi/10.2.1/../../../../arm-none-eabi/lib/thumb/v6-m/nofp\libcr_nohost_nf.a(_cr__main.o)
                0x000047e4                __main
 .text.__sys_appexit
                0x000047f0        0x2 c:/nxp/mcuxpressoide_11.4.0_6237/ide/plugins/com.nxp.mcuxpresso.tools.win32_11.4.0.202103011116/tools/bin/../lib/gcc/arm-none-eabi/10.2.1/../../../../arm-none-eabi/lib/thumb/v6-m/nofp\libcr_nohost_nf.a(__sys_appexit.o)
                0x000047f0                __sys_appexit
                0x000047f0                __exit
 .text.memset   0x000047f2        0x8 c:/nxp/mcuxpressoide_11.4.0_6237/ide/plugins/com.nxp.mcuxpresso.tools.win32_11.4.0.202103011116/tools/bin/../lib/gcc/arm-none-eabi/10.2.1/../../../../arm-none-eabi/lib/thumb/v6-m/nofp\libcr_c.a(memset.o)
                0x000047f2                memset
 .text.free     0x000047fa       0x2c c:/nxp/mcuxpressoide_11.4.0_6237/ide/plugins/com.nxp.mcuxpresso.tools.win32_11.4.0.202103011116/tools/bin/../lib/gcc/arm-none-eabi/10.2.1/../../../../arm-none-eabi/lib/thumb/v6-m/nofp\libcr_c.a(alloc.o)
                0x000047fa                free
 .text.fputs    0x00004826       0x2e c:/nxp/mcuxpressoide_11.4.0_6237/ide/plugins/com.nxp.mcuxpresso.tools.win32_11.4.0.202103011116/tools/bin/../lib/gcc/arm-none-eabi/10.2.1/../../../../arm-none-eabi/lib/thumb/v6-m/nofp\libcr_c.a(fputs.o)
                0x00004826                fputs
 .text.no_fp_display
                0x00004854        0x4 c:/nxp/mcuxpressoide_11.4.0_6237/ide/plugins/com.nxp.mcuxpresso.tools.win32_11.4.0.202103011116/tools/bin/../lib/gcc/arm-none-eabi/10.2.1/../../../../arm-none-eabi/lib/thumb/v6-m/nofp\libcr_c.a(printf.o)
 .text.sscanf   0x00004858       0x3c c:/nxp/mcuxpressoide_11.4.0_6237/ide/plugins/com.nxp.mcuxpresso.tools.win32_11.4.0.202103011116/tools/bin/../lib/gcc/arm-none-eabi/10.2.1/../../../../arm-none-eabi/lib/thumb/v6-m/nofp\libcr_c.a(scanf.o)
                0x00004858                sscanf
 .text._Csys_read_
                0x00004894       0x24 c:/nxp/mcuxpressoide_11.4.0_6237/ide/plugins/com.nxp.mcuxpresso.tools.win32_11.4.0.202103011116/tools/bin/../lib/gcc/arm-none-eabi/10.2.1/../../../../arm-none-eabi/lib/thumb/v6-m/nofp\libcr_c.a(__fillbuf.o)
                0x00004894                _Csys_read_
 .text.remove   0x000048b8       0x12 c:/nxp/mcuxpressoide_11.4.0_6237/ide/plugins/com.nxp.mcuxpresso.tools.win32_11.4.0.202103011116/tools/bin/../lib/gcc/arm-none-eabi/10.2.1/../../../../arm-none-eabi/lib/thumb/v6-m/nofp\libcr_c.a(remove.o)
                0x000048b8                remove
 .text.__aeabi_division_idivmod
                0x000048ca       0x78 c:/nxp/mcuxpressoide_11.4.0_6237/ide/plugins/com.nxp.mcuxpresso.tools.win32_11.4.0.202103011116/tools/bin/../lib/gcc/arm-none-eabi/10.2.1/thumb/v6-m/nofp\libcr_eabihelpers.a(division_32.o)
                0x000048ca                __aeabi_idivmod
                0x000048ca                __aeabi_idiv
                0x000048d0                __aeabi_uidivmod
                0x000048d0                __aeabi_uidiv
 .text.__aeabi_division_idiv0
                0x00004942        0x2 c:/nxp/mcuxpressoide_11.4.0_6237/ide/plugins/com.nxp.mcuxpresso.tools.win32_11.4.0.202103011116/tools/bin/../lib/gcc/arm-none-eabi/10.2.1/thumb/v6-m/nofp\libcr_eabihelpers.a(division_idiv0.o)
                0x00004942                __aeabi_idiv0
 .text.__bhs_ui2d
                0x00004944       0x5e c:/nxp/mcuxpressoide_11.4.0_6237/ide/plugins/com.nxp.mcuxpresso.tools.win32_11.4.0.202103011116/tools/bin/../lib/gcc/arm-none-eabi/10.2.1/thumb/v6-m/nofp\libcr_eabihelpers.a(double.o)
                0x00004944                __bhs_ui2d
 .text.__aeabi_i2d
                0x000049a2       0x18 c:/nxp/mcuxpressoide_11.4.0_6237/ide/plugins/com.nxp.mcuxpresso.tools.win32_11.4.0.202103011116/tools/bin/../lib/gcc/arm-none-eabi/10.2.1/thumb/v6-m/nofp\libcr_eabihelpers.a(double.o)
                0x000049a2                __aeabi_i2d
 .text.__aeabi_llong_lmul
                0x000049ba       0x2e c:/nxp/mcuxpressoide_11.4.0_6237/ide/plugins/com.nxp.mcuxpresso.tools.win32_11.4.0.202103011116/tools/bin/../lib/gcc/arm-none-eabi/10.2.1/thumb/v6-m/nofp\libcr_eabihelpers.a(llong.o)
                0x000049ba                __aeabi_lmul
 .text.__aeabi_memset_lowlevel
                0x000049e8       0x2a c:/nxp/mcuxpressoide_11.4.0_6237/ide/plugins/com.nxp.mcuxpresso.tools.win32_11.4.0.202103011116/tools/bin/../lib/gcc/arm-none-eabi/10.2.1/thumb/v6-m/nofp\libcr_eabihelpers.a(memcpy.o)
                0x000049e8                __aeabi_lowlevel_memset
 .text.__gnu_thumb1_case_shi
                0x00004a12       0x10 c:/nxp/mcuxpressoide_11.4.0_6237/ide/plugins/com.nxp.mcuxpresso.tools.win32_11.4.0.202103011116/tools/bin/../lib/gcc/arm-none-eabi/10.2.1/thumb/v6-m/nofp\libcr_eabihelpers.a(thumb1_switch_helpers.o)
                0x00004a12                __gnu_thumb1_case_shi
 .text.__sys_close
                0x00004a22        0x6 c:/nxp/mcuxpressoide_11.4.0_6237/ide/plugins/com.nxp.mcuxpresso.tools.win32_11.4.0.202103011116/tools/bin/../lib/gcc/arm-none-eabi/10.2.1/../../../../arm-none-eabi/lib/thumb/v6-m/nofp\libcr_nohost_nf.a(__sys_close.o)
                0x00004a22                __sys_close
 .text.__sys_flen
                0x00004a28        0x6 c:/nxp/mcuxpressoide_11.4.0_6237/ide/plugins/com.nxp.mcuxpresso.tools.win32_11.4.0.202103011116/tools/bin/../lib/gcc/arm-none-eabi/10.2.1/../../../../arm-none-eabi/lib/thumb/v6-m/nofp\libcr_nohost_nf.a(__sys_flen.o)
                0x00004a28                __sys_flen
 .text.__sys_istty
                0x00004a2e        0x6 c:/nxp/mcuxpressoide_11.4.0_6237/ide/plugins/com.nxp.mcuxpresso.tools.win32_11.4.0.202103011116/tools/bin/../lib/gcc/arm-none-eabi/10.2.1/../../../../arm-none-eabi/lib/thumb/v6-m/nofp\libcr_nohost_nf.a(__sys_istty.o)
                0x00004a2e                __sys_istty
 .text.__sys_read
                0x00004a34        0x4 c:/nxp/mcuxpressoide_11.4.0_6237/ide/plugins/com.nxp.mcuxpresso.tools.win32_11.4.0.202103011116/tools/bin/../lib/gcc/arm-none-eabi/10.2.1/../../../../arm-none-eabi/lib/thumb/v6-m/nofp\libcr_nohost_nf.a(__sys_read.o)
                0x00004a34                __sys_read
 .text.__sys_remove
                0x00004a38        0x6 c:/nxp/mcuxpressoide_11.4.0_6237/ide/plugins/com.nxp.mcuxpresso.tools.win32_11.4.0.202103011116/tools/bin/../lib/gcc/arm-none-eabi/10.2.1/../../../../arm-none-eabi/lib/thumb/v6-m/nofp\libcr_nohost_nf.a(__sys_remove.o)
                0x00004a38                __sys_remove
 .text.__sys_seek
                0x00004a3e        0x6 c:/nxp/mcuxpressoide_11.4.0_6237/ide/plugins/com.nxp.mcuxpresso.tools.win32_11.4.0.202103011116/tools/bin/../lib/gcc/arm-none-eabi/10.2.1/../../../../arm-none-eabi/lib/thumb/v6-m/nofp\libcr_nohost_nf.a(__sys_seek.o)
                0x00004a3e                __sys_seek
 .text.__sys_tmpnam
                0x00004a44        0x6 c:/nxp/mcuxpressoide_11.4.0_6237/ide/plugins/com.nxp.mcuxpresso.tools.win32_11.4.0.202103011116/tools/bin/../lib/gcc/arm-none-eabi/10.2.1/../../../../arm-none-eabi/lib/thumb/v6-m/nofp\libcr_nohost_nf.a(__sys_tmpnam.o)
                0x00004a44                __sys_tmpnam
 *fill*         0x00004a4a        0x6 ff
 .text.__sys_tmpnam.__stub
                0x00004a50       0x20 linker stubs
 *(SORT_BY_ALIGNMENT(.rodata) SORT_BY_ALIGNMENT(.rodata.*) SORT_BY_ALIGNMENT(.constdata) SORT_BY_ALIGNMENT(.constdata.*))
 *fill*         0x00004a70        0x0 ff
 .rodata.str1.4
                0x00004a70       0x55 ./source/cmdcentre/cmdcentre.o
 *fill*         0x00004ac5        0x3 ff
 .rodata.CmdCentre_HelpHandler.str1.4
                0x00004ac8       0x6a ./source/cmdcentre/cmdcentre.o
                                 0x6f (size before relaxing)
 *fill*         0x00004b32        0x2 ff
 .rodata.CmdCentre_Erase.str1.4
                0x00004b34        0xe ./source/cmdcentre/cmdcentre.o
 *fill*         0x00004b42        0x2 ff
 .rodata.CmdCentre_Program.str1.4
                0x00004b44       0x2c ./source/cmdcentre/cmdcentre.o
 .rodata.CmdCentre_BootApplication.str1.4
                0x00004b70       0x13 ./source/cmdcentre/cmdcentre.o
 *fill*         0x00004b83        0x1 ff
 .rodata.CmdCentre_WordEngine.str1.4
                0x00004b84        0x7 ./source/cmdcentre/cmdcentre.o
 *fill*         0x00004b8b        0x1 ff
 .rodata.CmdCentre_CommandEngine.str1.4
                0x00004b8c       0x1b ./source/cmdcentre/cmdcentre.o
 *fill*         0x00004ba7        0x1 ff
 .rodata.Bootloader_OneSecondCounter.str1.4
                0x00004ba8       0x10 ./source/bootloader/bootloader.o
                                 0x24 (size before relaxing)
 .rodata.Bootloader_StateMachine.str1.4
                0x00004bb8       0x58 ./source/bootloader/bootloader.o
 .rodata.get_hex_equiv.str1.4
                0x00004c10        0x3 ./source/bootloader/loadApp.o
 *fill*         0x00004c13        0x1 ff
 .rodata.main.str1.4
                0x00004c14        0xe ./source/Bootloader_PES.o
                                 0x15 (size before relaxing)
 *fill*         0x00004c22        0x2 ff
 .rodata.CLOCK_EnablePll0.str1.4
                0x00004c24       0x1a ./drivers/fsl_clock.o
 *fill*         0x00004c3e        0x2 ff
 .rodata.CLOCK_SetPbeMode.str1.4
                0x00004c40       0x1b ./drivers/fsl_clock.o
 *fill*         0x00004c5b        0x1 ff
 .rodata.CLOCK_BootToPeeMode.str1.4
                0x00004c5c       0x1b ./drivers/fsl_clock.o
 *fill*         0x00004c77        0x1 ff
 .rodata.mcgConfig_BOARD_BootClockRUN
                0x00004c78        0xa ./board/clock_config.o
                0x00004c78                mcgConfig_BOARD_BootClockRUN
 *fill*         0x00004c82        0x2 ff
 .rodata.simConfig_BOARD_BootClockRUN
                0x00004c84        0x8 ./board/clock_config.o
                0x00004c84                simConfig_BOARD_BootClockRUN
 .rodata.oscConfig_BOARD_BootClockRUN
                0x00004c8c        0x8 ./board/clock_config.o
                0x00004c8c                oscConfig_BOARD_BootClockRUN
 .rodata.__num_Ciob_streams
                0x00004c94        0x4 c:/nxp/mcuxpressoide_11.4.0_6237/ide/plugins/com.nxp.mcuxpresso.tools.win32_11.4.0.202103011116/tools/bin/../lib/gcc/arm-none-eabi/10.2.1/../../../../arm-none-eabi/lib/thumb/v6-m/nofp\libcr_nohost_nf.a(__ciob.o)
                0x00004c94                __num_Ciob_streams
 .rodata.__assertion_failed.str1.1
                0x00004c98       0x15 c:/nxp/mcuxpressoide_11.4.0_6237/ide/plugins/com.nxp.mcuxpresso.tools.win32_11.4.0.202103011116/tools/bin/../lib/gcc/arm-none-eabi/10.2.1/../../../../arm-none-eabi/lib/thumb/v6-m/nofp\libcr_nohost_nf.a(_cr_assert.o)
 .rodata._Csys_alloc.str1.1
                0x00004cad       0x18 c:/nxp/mcuxpressoide_11.4.0_6237/ide/plugins/com.nxp.mcuxpresso.tools.win32_11.4.0.202103011116/tools/bin/../lib/gcc/arm-none-eabi/10.2.1/../../../../arm-none-eabi/lib/thumb/v6-m/nofp\libcr_c.a(alloc.o)
 .rodata.__ctype
                0x00004cc5      0x180 c:/nxp/mcuxpressoide_11.4.0_6237/ide/plugins/com.nxp.mcuxpresso.tools.win32_11.4.0.202103011116/tools/bin/../lib/gcc/arm-none-eabi/10.2.1/../../../../arm-none-eabi/lib/thumb/v6-m/nofp\libcr_c.a(ctype.o)
                0x00004cc5                __ctype
 .rodata._initio.str1.1
                0x00004e45        0x4 c:/nxp/mcuxpressoide_11.4.0_6237/ide/plugins/com.nxp.mcuxpresso.tools.win32_11.4.0.202103011116/tools/bin/../lib/gcc/arm-none-eabi/10.2.1/../../../../arm-none-eabi/lib/thumb/v6-m/nofp\libcr_c.a(initio.o)
 .rodata.__vfprintf.str1.1
                0x00004e49       0x35 c:/nxp/mcuxpressoide_11.4.0_6237/ide/plugins/com.nxp.mcuxpresso.tools.win32_11.4.0.202103011116/tools/bin/../lib/gcc/arm-none-eabi/10.2.1/../../../../arm-none-eabi/lib/thumb/v6-m/nofp\libcr_c.a(printf.o)
                                 0x38 (size before relaxing)
                0x00004e80                . = ALIGN (0x4)
 *fill*         0x00004e7e        0x2 ff

.glue_7         0x00004e80        0x0
 .glue_7        0x00004e80        0x0 linker stubs

.glue_7t        0x00004e80        0x0
 .glue_7t       0x00004e80        0x0 linker stubs

.vfp11_veneer   0x00004e80        0x0
 .vfp11_veneer  0x00004e80        0x0 linker stubs

.v4_bx          0x00004e80        0x0
 .v4_bx         0x00004e80        0x0 linker stubs

.iplt           0x00004e80        0x0
 .iplt          0x00004e80        0x0 ./startup/startup_mkl25z4.o

.rel.dyn        0x00004e80        0x0
 .rel.iplt      0x00004e80        0x0 ./startup/startup_mkl25z4.o

.ARM.extab
 *(SORT_BY_ALIGNMENT(.ARM.extab*) SORT_BY_ALIGNMENT(.gnu.linkonce.armextab.*))

.ARM.exidx      0x00004e80        0x0
                0x00004e80                __exidx_start = .
 *(SORT_BY_ALIGNMENT(.ARM.exidx*) SORT_BY_ALIGNMENT(.gnu.linkonce.armexidx.*))
                0x00004e80                __exidx_end = .
                0x00004e80                _etext = .

.m_usb_data
 *(SORT_BY_ALIGNMENT(m_usb_bdt))

.mtb_buffer_default
                0x1ffff000       0x80
 *(SORT_BY_ALIGNMENT(.mtb*))
 .mtb.$RAM1     0x1ffff000       0x80 ./source/mtb.o
                0x1ffff000                __mtb_buffer__

.uninit_RESERVED
                0x1ffff080        0x0
                0x1ffff080                _start_uninit_RESERVED = .
 *(SORT_BY_ALIGNMENT(.bss.$RESERVED*))
                0x1ffff080                . = ALIGN (0x4)
                0x1ffff080                _end_uninit_RESERVED = .

.data           0x1ffff080      0x2f4 load address 0x00004e80
 FILL mask 0xff
                0x1ffff080                _data = .
                [!provide]                PROVIDE (__start_data_RAM = .)
                [!provide]                PROVIDE (__start_data_SRAM = .)
 *(SORT_BY_ALIGNMENT(vtable))
 *(SORT_BY_ALIGNMENT(.ramfunc*))
 .ramfunc       0x1ffff080       0x84 ./source/uart/uart.o
                0x1ffff080                UART0_IRQHandler
 .ramfunc       0x1ffff104       0x64 ./source/tpm/tpm.o
                0x1ffff104                TPM0_IRQHandler
 .ramfunc       0x1ffff168       0x3c ./source/flash/flash.o
                0x1ffff168                Flash_StartFlashOperations
 .ramfunc       0x1ffff1a4      0x13c ./source/fifo/cbfifo.o
                0x1ffff1a4                cbfifo_enqueue
                0x1ffff240                cbfifo_dequeue
 .ramfunc.__stub
                0x1ffff2e0       0x40 linker stubs
 *(SORT_BY_ALIGNMENT(CodeQuickAccess))
 *(SORT_BY_ALIGNMENT(DataQuickAccess))
 *(SORT_BY_ALIGNMENT(RamFunction))
 *(SORT_BY_ALIGNMENT(relocate_code))
 *(SORT_BY_ALIGNMENT(.data*))
 .data.cmd      0x1ffff320       0x40 ./source/cmdcentre/cmdcentre.o
                0x1ffff320                cmd
 .data.g_bootApplTimer
                0x1ffff360        0x4 ./source/bootloader/bootloader.o
 .data.SystemCoreClock
                0x1ffff364        0x4 ./CMSIS/system_MKL25Z4.o
                0x1ffff364                SystemCoreClock
 .data.neginf.0
                0x1ffff368        0x4 c:/nxp/mcuxpressoide_11.4.0_6237/ide/plugins/com.nxp.mcuxpresso.tools.win32_11.4.0.202103011116/tools/bin/../lib/gcc/arm-none-eabi/10.2.1/../../../../arm-none-eabi/lib/thumb/v6-m/nofp\libcr_c.a(scanf.o)
 .data.posinf.1
                0x1ffff36c        0x4 c:/nxp/mcuxpressoide_11.4.0_6237/ide/plugins/com.nxp.mcuxpresso.tools.win32_11.4.0.202103011116/tools/bin/../lib/gcc/arm-none-eabi/10.2.1/../../../../arm-none-eabi/lib/thumb/v6-m/nofp\libcr_c.a(scanf.o)
 .data.gIsXONSent
                0x1ffff370        0x1 ./source/uart/uart.o
                0x1ffff370                gIsXONSent
 .data.gIsXOFFSent
                0x1ffff371        0x1 ./source/uart/uart.o
                0x1ffff371                gIsXOFFSent
                0x1ffff374                . = ALIGN (0x4)
 *fill*         0x1ffff372        0x2 ff
                0x1ffff374                _edata = .
                [!provide]                PROVIDE (__end_data_RAM = .)
                [!provide]                PROVIDE (__end_data_SRAM = .)

.igot.plt       0x1ffff374        0x0 load address 0x00005174
 .igot.plt      0x1ffff374        0x0 ./startup/startup_mkl25z4.o

.bss            0x1ffff374      0x3f4
                0x1ffff374                _bss = .
                [!provide]                PROVIDE (__start_bss_RAM = .)
                [!provide]                PROVIDE (__start_bss_SRAM = .)
 *(SORT_BY_ALIGNMENT(.bss*))
 .bss.recv_buf  0x1ffff374        0xc ./source/uart/uart.o
 .bss.t_buf     0x1ffff380      0x100 ./source/uart/uart.o
                0x1ffff380                t_buf
 .bss.xmit_buf  0x1ffff480        0xc ./source/uart/uart.o
 .bss.r_buf     0x1ffff48c      0x100 ./source/uart/uart.o
                0x1ffff48c                r_buf
 .bss.tpm0_1_msec_cntr
                0x1ffff58c        0x4 ./source/tpm/tpm.o
 .bss.count.0   0x1ffff590        0x4 ./source/cmdcentre/cmdcentre.o
 .bss.g_enableTimer
                0x1ffff594        0x4 ./source/bootloader/bootloader.o
 .bss.srec_line
                0x1ffff598      0x100 ./source/bootloader/loadApp.o
                0x1ffff598                srec_line
 .bss.g_xtal0Freq
                0x1ffff698        0x4 ./drivers/fsl_clock.o
                0x1ffff698                g_xtal0Freq
 .bss.s_lpsciHandle
                0x1ffff69c        0x4 ./drivers/fsl_lpsci.o
 .bss.s_lpsciIsr
                0x1ffff6a0        0x4 ./drivers/fsl_lpsci.o
 .bss.__Ciob    0x1ffff6a4       0xb4 c:/nxp/mcuxpressoide_11.4.0_6237/ide/plugins/com.nxp.mcuxpresso.tools.win32_11.4.0.202103011116/tools/bin/../lib/gcc/arm-none-eabi/10.2.1/../../../../arm-none-eabi/lib/thumb/v6-m/nofp\libcr_nohost_nf.a(__ciob.o)
                0x1ffff6a4                __Ciob
 .bss.__end_of_heap
                0x1ffff758        0x4 c:/nxp/mcuxpressoide_11.4.0_6237/ide/plugins/com.nxp.mcuxpresso.tools.win32_11.4.0.202103011116/tools/bin/../lib/gcc/arm-none-eabi/10.2.1/../../../../arm-none-eabi/lib/thumb/v6-m/nofp\libcr_c.a(__init_alloc.o)
                0x1ffff758                __end_of_heap
 .bss.__heaps   0x1ffff75c        0x4 c:/nxp/mcuxpressoide_11.4.0_6237/ide/plugins/com.nxp.mcuxpresso.tools.win32_11.4.0.202103011116/tools/bin/../lib/gcc/arm-none-eabi/10.2.1/../../../../arm-none-eabi/lib/thumb/v6-m/nofp\libcr_c.a(__init_alloc.o)
                0x1ffff75c                __heaps
 .bss.errno     0x1ffff760        0x4 c:/nxp/mcuxpressoide_11.4.0_6237/ide/plugins/com.nxp.mcuxpresso.tools.win32_11.4.0.202103011116/tools/bin/../lib/gcc/arm-none-eabi/10.2.1/../../../../arm-none-eabi/lib/thumb/v6-m/nofp\libcr_c.a(errno.o)
                0x1ffff760                errno
 .bss.one_second_occoured
                0x1ffff764        0x1 ./source/tpm/tpm.o
                0x1ffff764                one_second_occoured
 .bss.g_state   0x1ffff765        0x1 ./source/bootloader/bootloader.o
 .bss.cntr      0x1ffff766        0x1 ./source/bootloader/loadApp.o
                0x1ffff766                cntr
 *(SORT_BY_ALIGNMENT(COMMON))
                0x1ffff768                . = ALIGN (0x4)
 *fill*         0x1ffff767        0x1 
                0x1ffff768                _ebss = .
                [!provide]                PROVIDE (__end_bss_RAM = .)
                [!provide]                PROVIDE (__end_bss_SRAM = .)
                [!provide]                PROVIDE (end = .)

.noinit         0x1ffff768        0x0
                0x1ffff768                _noinit = .
                [!provide]                PROVIDE (__start_noinit_RAM = .)
                [!provide]                PROVIDE (__start_noinit_SRAM = .)
 *(SORT_BY_ALIGNMENT(.noinit*))
                0x1ffff768                . = ALIGN (0x4)
                0x1ffff768                _end_noinit = .
                [!provide]                PROVIDE (__end_noinit_RAM = .)
                [!provide]                PROVIDE (__end_noinit_SRAM = .)
                0x00000400                _HeapSize = 0x400

.heap           0x1ffff768      0x400
                0x1ffff768                _pvHeapStart = .
                0x1ffffb68                . = (. + _HeapSize)
 *fill*         0x1ffff768      0x400 
                0x1ffffb68                . = ALIGN (0x4)
                0x1ffffb68                _pvHeapLimit = .
                0x00000400                _StackSize = 0x400

.heap2stackfill
                0x1ffffb68      0x400
                0x1fffff68                . = (. + _StackSize)
 *fill*         0x1ffffb68      0x400 

.stack          0x20002c00        0x0
                0x20002c00                _vStackBase = .
                0x20002c00                . = ALIGN (0x4)
                0x20003000                _vStackTop = (. + _StackSize)
                0x00000000                _image_start = LOADADDR (.text)
                0x00005174                _image_end = (LOADADDR (.data) + SIZEOF (.data))
                0x00005174                _image_size = (_image_end - _image_start)
OUTPUT(Bootloader_PES.axf elf32-littlearm)
LOAD linker stubs

.debug_info     0x00000000     0x7312
 .debug_info    0x00000000      0x4eb ./startup/startup_mkl25z4.o
 .debug_info    0x000004eb      0xb72 ./source/uart/uart.o
 .debug_info    0x0000105d      0x661 ./source/tpm/tpm.o
 .debug_info    0x000016be      0x3f0 ./source/flash/flash.o
 .debug_info    0x00001aae      0x4c7 ./source/fifo/cbfifo.o
 .debug_info    0x00001f75      0x578 ./source/cmdcentre/cmdcentre.o
 .debug_info    0x000024ed      0x143 ./source/bootloader/bootApp.o
 .debug_info    0x00002630      0x14a ./source/bootloader/bootloader.o
 .debug_info    0x0000277a      0x4c3 ./source/bootloader/loadApp.o
 .debug_info    0x00002c3d       0xdb ./source/Bootloader_PES.o
 .debug_info    0x00002d18       0x53 ./source/mtb.o
 .debug_info    0x00002d6b       0x3c ./source/semihost_hardfault.o
 .debug_info    0x00002da7     0x1a5a ./drivers/fsl_clock.o
 .debug_info    0x00004801     0x140d ./drivers/fsl_lpsci.o
 .debug_info    0x00005c0e      0x2c4 ./board/board.o
 .debug_info    0x00005ed2      0xabc ./board/clock_config.o
 .debug_info    0x0000698e       0x3c ./board/peripherals.o
 .debug_info    0x000069ca      0x547 ./board/pin_mux.o
 .debug_info    0x00006f11      0x401 ./CMSIS/system_MKL25Z4.o

.debug_abbrev   0x00000000     0x1aac
 .debug_abbrev  0x00000000      0x198 ./startup/startup_mkl25z4.o
 .debug_abbrev  0x00000198      0x2c4 ./source/uart/uart.o
 .debug_abbrev  0x0000045c      0x194 ./source/tpm/tpm.o
 .debug_abbrev  0x000005f0      0x119 ./source/flash/flash.o
 .debug_abbrev  0x00000709      0x1de ./source/fifo/cbfifo.o
 .debug_abbrev  0x000008e7      0x18d ./source/cmdcentre/cmdcentre.o
 .debug_abbrev  0x00000a74       0xb4 ./source/bootloader/bootApp.o
 .debug_abbrev  0x00000b28       0xe4 ./source/bootloader/bootloader.o
 .debug_abbrev  0x00000c0c      0x191 ./source/bootloader/loadApp.o
 .debug_abbrev  0x00000d9d       0x99 ./source/Bootloader_PES.o
 .debug_abbrev  0x00000e36       0x46 ./source/mtb.o
 .debug_abbrev  0x00000e7c       0x31 ./source/semihost_hardfault.o
 .debug_abbrev  0x00000ead      0x357 ./drivers/fsl_clock.o
 .debug_abbrev  0x00001204      0x2d7 ./drivers/fsl_lpsci.o
 .debug_abbrev  0x000014db       0xe8 ./board/board.o
 .debug_abbrev  0x000015c3      0x201 ./board/clock_config.o
 .debug_abbrev  0x000017c4       0x31 ./board/peripherals.o
 .debug_abbrev  0x000017f5      0x189 ./board/pin_mux.o
 .debug_abbrev  0x0000197e      0x12e ./CMSIS/system_MKL25Z4.o

.debug_aranges  0x00000000      0x818
 .debug_aranges
                0x00000000      0x160 ./startup/startup_mkl25z4.o
 .debug_aranges
                0x00000160       0xb0 ./source/uart/uart.o
 .debug_aranges
                0x00000210       0x50 ./source/tpm/tpm.o
 .debug_aranges
                0x00000260       0x38 ./source/flash/flash.o
 .debug_aranges
                0x00000298       0x50 ./source/fifo/cbfifo.o
 .debug_aranges
                0x000002e8       0x50 ./source/cmdcentre/cmdcentre.o
 .debug_aranges
                0x00000338       0x20 ./source/bootloader/bootApp.o
 .debug_aranges
                0x00000358       0x38 ./source/bootloader/bootloader.o
 .debug_aranges
                0x00000390       0x40 ./source/bootloader/loadApp.o
 .debug_aranges
                0x000003d0       0x20 ./source/Bootloader_PES.o
 .debug_aranges
                0x000003f0       0x18 ./source/mtb.o
 .debug_aranges
                0x00000408       0x20 ./source/semihost_hardfault.o
 .debug_aranges
                0x00000428      0x1d8 ./drivers/fsl_clock.o
 .debug_aranges
                0x00000600      0x118 ./drivers/fsl_lpsci.o
 .debug_aranges
                0x00000718       0x28 ./board/board.o
 .debug_aranges
                0x00000740       0x58 ./board/clock_config.o
 .debug_aranges
                0x00000798       0x20 ./board/peripherals.o
 .debug_aranges
                0x000007b8       0x38 ./board/pin_mux.o
 .debug_aranges
                0x000007f0       0x28 ./CMSIS/system_MKL25Z4.o

.debug_ranges   0x00000000      0x6e0
 .debug_ranges  0x00000000      0x150 ./startup/startup_mkl25z4.o
 .debug_ranges  0x00000150       0xa0 ./source/uart/uart.o
 .debug_ranges  0x000001f0       0x40 ./source/tpm/tpm.o
 .debug_ranges  0x00000230       0x28 ./source/flash/flash.o
 .debug_ranges  0x00000258       0x40 ./source/fifo/cbfifo.o
 .debug_ranges  0x00000298       0x40 ./source/cmdcentre/cmdcentre.o
 .debug_ranges  0x000002d8       0x10 ./source/bootloader/bootApp.o
 .debug_ranges  0x000002e8       0x28 ./source/bootloader/bootloader.o
 .debug_ranges  0x00000310       0x30 ./source/bootloader/loadApp.o
 .debug_ranges  0x00000340       0x10 ./source/Bootloader_PES.o
 .debug_ranges  0x00000350       0x10 ./source/semihost_hardfault.o
 .debug_ranges  0x00000360      0x1c8 ./drivers/fsl_clock.o
 .debug_ranges  0x00000528      0x108 ./drivers/fsl_lpsci.o
 .debug_ranges  0x00000630       0x18 ./board/board.o
 .debug_ranges  0x00000648       0x48 ./board/clock_config.o
 .debug_ranges  0x00000690       0x10 ./board/peripherals.o
 .debug_ranges  0x000006a0       0x28 ./board/pin_mux.o
 .debug_ranges  0x000006c8       0x18 ./CMSIS/system_MKL25Z4.o

.debug_macro    0x00000000     0x90aa
 .debug_macro   0x00000000       0x29 ./startup/startup_mkl25z4.o
 .debug_macro   0x00000029      0xa8a ./startup/startup_mkl25z4.o
 .debug_macro   0x00000ab3       0xf9 ./source/uart/uart.o
 .debug_macro   0x00000bac       0x10 ./source/uart/uart.o
 .debug_macro   0x00000bbc       0x16 ./source/uart/uart.o
 .debug_macro   0x00000bd2       0x10 ./source/uart/uart.o
 .debug_macro   0x00000be2      0x12e ./source/uart/uart.o
 .debug_macro   0x00000d10      0x5b3 ./source/uart/uart.o
 .debug_macro   0x000012c3       0x10 ./source/uart/uart.o
 .debug_macro   0x000012d3       0x3f ./source/uart/uart.o
 .debug_macro   0x00001312       0x3a ./source/uart/uart.o
 .debug_macro   0x0000134c       0x26 ./source/uart/uart.o
 .debug_macro   0x00001372      0x329 ./source/uart/uart.o
 .debug_macro   0x0000169b       0x30 ./source/uart/uart.o
 .debug_macro   0x000016cb     0x51e2 ./source/uart/uart.o
 .debug_macro   0x000068ad       0xd2 ./source/uart/uart.o
 .debug_macro   0x0000697f       0x22 ./source/uart/uart.o
 .debug_macro   0x000069a1       0xb5 ./source/tpm/tpm.o
 .debug_macro   0x00006a56       0xd8 ./source/tpm/tpm.o
 .debug_macro   0x00006b2e       0x34 ./source/tpm/tpm.o
 .debug_macro   0x00006b62       0xf4 ./source/flash/flash.o
 .debug_macro   0x00006c56       0x1c ./source/flash/flash.o
 .debug_macro   0x00006c72       0x22 ./source/flash/flash.o
 .debug_macro   0x00006c94       0x10 ./source/flash/flash.o
 .debug_macro   0x00006ca4     0x1352 ./source/flash/flash.o
 .debug_macro   0x00007ff6       0x3a ./source/flash/flash.o
 .debug_macro   0x00008030       0xf4 ./source/flash/flash.o
 .debug_macro   0x00008124       0x35 ./source/flash/flash.o
 .debug_macro   0x00008159       0xad ./source/fifo/cbfifo.o
 .debug_macro   0x00008206       0x28 ./source/fifo/cbfifo.o
 .debug_macro   0x0000822e      0x13e ./source/cmdcentre/cmdcentre.o
 .debug_macro   0x0000836c       0x16 ./source/cmdcentre/cmdcentre.o
 .debug_macro   0x00008382       0x7c ./source/cmdcentre/cmdcentre.o
 .debug_macro   0x000083fe      0x107 ./source/bootloader/bootApp.o
 .debug_macro   0x00008505       0x16 ./source/bootloader/bootApp.o
 .debug_macro   0x0000851b       0x7d ./source/bootloader/bootloader.o
 .debug_macro   0x00008598      0x125 ./source/bootloader/loadApp.o
 .debug_macro   0x000086bd       0x16 ./source/bootloader/loadApp.o
 .debug_macro   0x000086d3      0x159 ./source/Bootloader_PES.o
 .debug_macro   0x0000882c       0x16 ./source/Bootloader_PES.o
 .debug_macro   0x00008842       0x10 ./source/Bootloader_PES.o
 .debug_macro   0x00008852      0x112 ./source/Bootloader_PES.o
 .debug_macro   0x00008964       0x2f ./source/mtb.o
 .debug_macro   0x00008993       0x82 ./source/mtb.o
 .debug_macro   0x00008a15       0x10 ./source/mtb.o
 .debug_macro   0x00008a25       0x11 ./source/semihost_hardfault.o
 .debug_macro   0x00008a36      0x196 ./drivers/fsl_clock.o
 .debug_macro   0x00008bcc       0xec ./drivers/fsl_lpsci.o
 .debug_macro   0x00008cb8      0x109 ./board/board.o
 .debug_macro   0x00008dc1      0x123 ./board/clock_config.o
 .debug_macro   0x00008ee4       0x1b ./board/peripherals.o
 .debug_macro   0x00008eff      0x107 ./board/pin_mux.o
 .debug_macro   0x00009006       0x10 ./board/pin_mux.o
 .debug_macro   0x00009016       0x94 ./CMSIS/system_MKL25Z4.o

.debug_line     0x00000000     0x57d7
 .debug_line    0x00000000      0x1ed ./startup/startup_mkl25z4.o
 .debug_line    0x000001ed      0x609 ./source/uart/uart.o
 .debug_line    0x000007f6      0x372 ./source/tpm/tpm.o
 .debug_line    0x00000b68      0x445 ./source/flash/flash.o
 .debug_line    0x00000fad      0x445 ./source/fifo/cbfifo.o
 .debug_line    0x000013f2      0x50e ./source/cmdcentre/cmdcentre.o
 .debug_line    0x00001900      0x34b ./source/bootloader/bootApp.o
 .debug_line    0x00001c4b      0x27d ./source/bootloader/bootloader.o
 .debug_line    0x00001ec8      0x5a5 ./source/bootloader/loadApp.o
 .debug_line    0x0000246d      0x400 ./source/Bootloader_PES.o
 .debug_line    0x0000286d       0xd1 ./source/mtb.o
 .debug_line    0x0000293e       0x59 ./source/semihost_hardfault.o
 .debug_line    0x00002997     0x12ed ./drivers/fsl_clock.o
 .debug_line    0x00003c84      0xd66 ./drivers/fsl_lpsci.o
 .debug_line    0x000049ea      0x321 ./board/board.o
 .debug_line    0x00004d0b      0x3db ./board/clock_config.o
 .debug_line    0x000050e6       0x5c ./board/peripherals.o
 .debug_line    0x00005142      0x362 ./board/pin_mux.o
 .debug_line    0x000054a4      0x333 ./CMSIS/system_MKL25Z4.o

.debug_str      0x00000000    0x353cc
 .debug_str     0x00000000     0x3087 ./startup/startup_mkl25z4.o
                               0x30de (size before relaxing)
 .debug_str     0x00003087    0x2668e ./source/uart/uart.o
                              0x295c7 (size before relaxing)
 .debug_str     0x00029715       0x88 ./source/tpm/tpm.o
                              0x292c2 (size before relaxing)
 .debug_str     0x0002979d     0x78dc ./source/flash/flash.o
                              0x30560 (size before relaxing)
 .debug_str     0x00031079       0x7d ./source/fifo/cbfifo.o
                              0x28fd0 (size before relaxing)
 .debug_str     0x000310f6      0x827 ./source/cmdcentre/cmdcentre.o
                              0x30f4a (size before relaxing)
 .debug_str     0x0003191d       0x3e ./source/bootloader/bootApp.o
                              0x30455 (size before relaxing)
 .debug_str     0x0003195b       0xc9 ./source/bootloader/bootloader.o
                               0x47ad (size before relaxing)
 .debug_str     0x00031a24      0x118 ./source/bootloader/loadApp.o
                              0x30caa (size before relaxing)
 .debug_str     0x00031b3c      0xa15 ./source/Bootloader_PES.o
                              0x310eb (size before relaxing)
 .debug_str     0x00032551      0x532 ./source/mtb.o
                               0x31fe (size before relaxing)
 .debug_str     0x00032a83       0x1f ./source/semihost_hardfault.o
                               0x2ceb (size before relaxing)
 .debug_str     0x00032aa2     0x1832 ./drivers/fsl_clock.o
                              0x321b3 (size before relaxing)
 .debug_str     0x000342d4      0xaa9 ./drivers/fsl_lpsci.o
                              0x317a2 (size before relaxing)
 .debug_str     0x00034d7d       0x3d ./board/board.o
                              0x30e9b (size before relaxing)
 .debug_str     0x00034dba      0x3b1 ./board/clock_config.o
                              0x310e4 (size before relaxing)
 .debug_str     0x0003516b       0x31 ./board/peripherals.o
                               0x2cfc (size before relaxing)
 .debug_str     0x0003519c      0x1e1 ./board/pin_mux.o
                              0x3082b (size before relaxing)
 .debug_str     0x0003537d       0x4f ./CMSIS/system_MKL25Z4.o
                              0x2fb2d (size before relaxing)

.comment        0x00000000       0x4d
 .comment       0x00000000       0x4d ./startup/startup_mkl25z4.o
                                 0x4e (size before relaxing)
 .comment       0x0000004d       0x4e ./source/uart/uart.o
 .comment       0x0000004d       0x4e ./source/tpm/tpm.o
 .comment       0x0000004d       0x4e ./source/flash/flash.o
 .comment       0x0000004d       0x4e ./source/fifo/cbfifo.o
 .comment       0x0000004d       0x4e ./source/cmdcentre/cmdcentre.o
 .comment       0x0000004d       0x4e ./source/bootloader/bootApp.o
 .comment       0x0000004d       0x4e ./source/bootloader/bootloader.o
 .comment       0x0000004d       0x4e ./source/bootloader/loadApp.o
 .comment       0x0000004d       0x4e ./source/Bootloader_PES.o
 .comment       0x0000004d       0x4e ./source/mtb.o
 .comment       0x0000004d       0x4e ./source/semihost_hardfault.o
 .comment       0x0000004d       0x4e ./drivers/fsl_clock.o
 .comment       0x0000004d       0x4e ./drivers/fsl_lpsci.o
 .comment       0x0000004d       0x4e ./board/board.o
 .comment       0x0000004d       0x4e ./board/clock_config.o
 .comment       0x0000004d       0x4e ./board/peripherals.o
 .comment       0x0000004d       0x4e ./board/pin_mux.o
 .comment       0x0000004d       0x4e ./CMSIS/system_MKL25Z4.o
 .comment       0x0000004d       0x4e c:/nxp/mcuxpressoide_11.4.0_6237/ide/plugins/com.nxp.mcuxpresso.tools.win32_11.4.0.202103011116/tools/bin/../lib/gcc/arm-none-eabi/10.2.1/../../../../arm-none-eabi/lib/thumb/v6-m/nofp\libcr_nohost_nf.a(_cr__main.o)
 .comment       0x0000004d       0x4e c:/nxp/mcuxpressoide_11.4.0_6237/ide/plugins/com.nxp.mcuxpresso.tools.win32_11.4.0.202103011116/tools/bin/../lib/gcc/arm-none-eabi/10.2.1/../../../../arm-none-eabi/lib/thumb/v6-m/nofp\libcr_nohost_nf.a(_cr_assert.o)
 .comment       0x0000004d       0x4e c:/nxp/mcuxpressoide_11.4.0_6237/ide/plugins/com.nxp.mcuxpresso.tools.win32_11.4.0.202103011116/tools/bin/../lib/gcc/arm-none-eabi/10.2.1/../../../../arm-none-eabi/lib/thumb/v6-m/nofp\libcr_nohost_nf.a(__ciob.o)
 .comment       0x0000004d       0x4e c:/nxp/mcuxpressoide_11.4.0_6237/ide/plugins/com.nxp.mcuxpresso.tools.win32_11.4.0.202103011116/tools/bin/../lib/gcc/arm-none-eabi/10.2.1/../../../../arm-none-eabi/lib/thumb/v6-m/nofp\libcr_nohost_nf.a(__sys_appexit.o)
 .comment       0x0000004d       0x4e c:/nxp/mcuxpressoide_11.4.0_6237/ide/plugins/com.nxp.mcuxpresso.tools.win32_11.4.0.202103011116/tools/bin/../lib/gcc/arm-none-eabi/10.2.1/../../../../arm-none-eabi/lib/thumb/v6-m/nofp\libcr_c.a(memset.o)
 .comment       0x0000004d       0x4e c:/nxp/mcuxpressoide_11.4.0_6237/ide/plugins/com.nxp.mcuxpresso.tools.win32_11.4.0.202103011116/tools/bin/../lib/gcc/arm-none-eabi/10.2.1/../../../../arm-none-eabi/lib/thumb/v6-m/nofp\libcr_c.a(_deferredlazyseek.o)
 .comment       0x0000004d       0x4e c:/nxp/mcuxpressoide_11.4.0_6237/ide/plugins/com.nxp.mcuxpresso.tools.win32_11.4.0.202103011116/tools/bin/../lib/gcc/arm-none-eabi/10.2.1/../../../../arm-none-eabi/lib/thumb/v6-m/nofp\libcr_c.a(_fflush.o)
 .comment       0x0000004d       0x4e c:/nxp/mcuxpressoide_11.4.0_6237/ide/plugins/com.nxp.mcuxpresso.tools.win32_11.4.0.202103011116/tools/bin/../lib/gcc/arm-none-eabi/10.2.1/../../../../arm-none-eabi/lib/thumb/v6-m/nofp\libcr_c.a(_writebuf.o)
 .comment       0x0000004d       0x4e c:/nxp/mcuxpressoide_11.4.0_6237/ide/plugins/com.nxp.mcuxpresso.tools.win32_11.4.0.202103011116/tools/bin/../lib/gcc/arm-none-eabi/10.2.1/../../../../arm-none-eabi/lib/thumb/v6-m/nofp\libcr_c.a(alloc.o)
 .comment       0x0000004d       0x4e c:/nxp/mcuxpressoide_11.4.0_6237/ide/plugins/com.nxp.mcuxpresso.tools.win32_11.4.0.202103011116/tools/bin/../lib/gcc/arm-none-eabi/10.2.1/../../../../arm-none-eabi/lib/thumb/v6-m/nofp\libcr_c.a(ctype.o)
 .comment       0x0000004d       0x4e c:/nxp/mcuxpressoide_11.4.0_6237/ide/plugins/com.nxp.mcuxpresso.tools.win32_11.4.0.202103011116/tools/bin/../lib/gcc/arm-none-eabi/10.2.1/../../../../arm-none-eabi/lib/thumb/v6-m/nofp\libcr_c.a(fputs.o)
 .comment       0x0000004d       0x4e c:/nxp/mcuxpressoide_11.4.0_6237/ide/plugins/com.nxp.mcuxpresso.tools.win32_11.4.0.202103011116/tools/bin/../lib/gcc/arm-none-eabi/10.2.1/../../../../arm-none-eabi/lib/thumb/v6-m/nofp\libcr_c.a(fseek.o)
 .comment       0x0000004d       0x4e c:/nxp/mcuxpressoide_11.4.0_6237/ide/plugins/com.nxp.mcuxpresso.tools.win32_11.4.0.202103011116/tools/bin/../lib/gcc/arm-none-eabi/10.2.1/../../../../arm-none-eabi/lib/thumb/v6-m/nofp\libcr_c.a(ftell.o)
 .comment       0x0000004d       0x4e c:/nxp/mcuxpressoide_11.4.0_6237/ide/plugins/com.nxp.mcuxpresso.tools.win32_11.4.0.202103011116/tools/bin/../lib/gcc/arm-none-eabi/10.2.1/../../../../arm-none-eabi/lib/thumb/v6-m/nofp\libcr_c.a(initio.o)
 .comment       0x0000004d       0x4e c:/nxp/mcuxpressoide_11.4.0_6237/ide/plugins/com.nxp.mcuxpresso.tools.win32_11.4.0.202103011116/tools/bin/../lib/gcc/arm-none-eabi/10.2.1/../../../../arm-none-eabi/lib/thumb/v6-m/nofp\libcr_c.a(printf.o)
 .comment       0x0000004d       0x4e c:/nxp/mcuxpressoide_11.4.0_6237/ide/plugins/com.nxp.mcuxpresso.tools.win32_11.4.0.202103011116/tools/bin/../lib/gcc/arm-none-eabi/10.2.1/../../../../arm-none-eabi/lib/thumb/v6-m/nofp\libcr_c.a(scanf.o)
 .comment       0x0000004d       0x4e c:/nxp/mcuxpressoide_11.4.0_6237/ide/plugins/com.nxp.mcuxpresso.tools.win32_11.4.0.202103011116/tools/bin/../lib/gcc/arm-none-eabi/10.2.1/../../../../arm-none-eabi/lib/thumb/v6-m/nofp\libcr_c.a(setvbuf.o)
 .comment       0x0000004d       0x4e c:/nxp/mcuxpressoide_11.4.0_6237/ide/plugins/com.nxp.mcuxpresso.tools.win32_11.4.0.202103011116/tools/bin/../lib/gcc/arm-none-eabi/10.2.1/../../../../arm-none-eabi/lib/thumb/v6-m/nofp\libcr_c.a(strcmp.o)
 .comment       0x0000004d       0x4e c:/nxp/mcuxpressoide_11.4.0_6237/ide/plugins/com.nxp.mcuxpresso.tools.win32_11.4.0.202103011116/tools/bin/../lib/gcc/arm-none-eabi/10.2.1/../../../../arm-none-eabi/lib/thumb/v6-m/nofp\libcr_c.a(strlen.o)
 .comment       0x0000004d       0x4e c:/nxp/mcuxpressoide_11.4.0_6237/ide/plugins/com.nxp.mcuxpresso.tools.win32_11.4.0.202103011116/tools/bin/../lib/gcc/arm-none-eabi/10.2.1/../../../../arm-none-eabi/lib/thumb/v6-m/nofp\libcr_c.a(strncpy.o)
 .comment       0x0000004d       0x4e c:/nxp/mcuxpressoide_11.4.0_6237/ide/plugins/com.nxp.mcuxpresso.tools.win32_11.4.0.202103011116/tools/bin/../lib/gcc/arm-none-eabi/10.2.1/../../../../arm-none-eabi/lib/thumb/v6-m/nofp\libcr_c.a(ungetc.o)
 .comment       0x0000004d       0x4e c:/nxp/mcuxpressoide_11.4.0_6237/ide/plugins/com.nxp.mcuxpresso.tools.win32_11.4.0.202103011116/tools/bin/../lib/gcc/arm-none-eabi/10.2.1/../../../../arm-none-eabi/lib/thumb/v6-m/nofp\libcr_c.a(__fillbuf.o)
 .comment       0x0000004d       0x4e c:/nxp/mcuxpressoide_11.4.0_6237/ide/plugins/com.nxp.mcuxpresso.tools.win32_11.4.0.202103011116/tools/bin/../lib/gcc/arm-none-eabi/10.2.1/../../../../arm-none-eabi/lib/thumb/v6-m/nofp\libcr_c.a(__init_alloc.o)
 .comment       0x0000004d       0x4e c:/nxp/mcuxpressoide_11.4.0_6237/ide/plugins/com.nxp.mcuxpresso.tools.win32_11.4.0.202103011116/tools/bin/../lib/gcc/arm-none-eabi/10.2.1/../../../../arm-none-eabi/lib/thumb/v6-m/nofp\libcr_c.a(_cr_sbrk.o)
 .comment       0x0000004d       0x4e c:/nxp/mcuxpressoide_11.4.0_6237/ide/plugins/com.nxp.mcuxpresso.tools.win32_11.4.0.202103011116/tools/bin/../lib/gcc/arm-none-eabi/10.2.1/../../../../arm-none-eabi/lib/thumb/v6-m/nofp\libcr_c.a(_fdopen.o)
 .comment       0x0000004d       0x4e c:/nxp/mcuxpressoide_11.4.0_6237/ide/plugins/com.nxp.mcuxpresso.tools.win32_11.4.0.202103011116/tools/bin/../lib/gcc/arm-none-eabi/10.2.1/../../../../arm-none-eabi/lib/thumb/v6-m/nofp\libcr_c.a(_frexpl.o)
 .comment       0x0000004d       0x4e c:/nxp/mcuxpressoide_11.4.0_6237/ide/plugins/com.nxp.mcuxpresso.tools.win32_11.4.0.202103011116/tools/bin/../lib/gcc/arm-none-eabi/10.2.1/../../../../arm-none-eabi/lib/thumb/v6-m/nofp\libcr_c.a(_ldexpl.o)
 .comment       0x0000004d       0x4e c:/nxp/mcuxpressoide_11.4.0_6237/ide/plugins/com.nxp.mcuxpresso.tools.win32_11.4.0.202103011116/tools/bin/../lib/gcc/arm-none-eabi/10.2.1/../../../../arm-none-eabi/lib/thumb/v6-m/nofp\libcr_c.a(errno.o)
 .comment       0x0000004d       0x4e c:/nxp/mcuxpressoide_11.4.0_6237/ide/plugins/com.nxp.mcuxpresso.tools.win32_11.4.0.202103011116/tools/bin/../lib/gcc/arm-none-eabi/10.2.1/../../../../arm-none-eabi/lib/thumb/v6-m/nofp\libcr_c.a(fclose.o)
 .comment       0x0000004d       0x4e c:/nxp/mcuxpressoide_11.4.0_6237/ide/plugins/com.nxp.mcuxpresso.tools.win32_11.4.0.202103011116/tools/bin/../lib/gcc/arm-none-eabi/10.2.1/../../../../arm-none-eabi/lib/thumb/v6-m/nofp\libcr_c.a(fflush.o)
 .comment       0x0000004d       0x4e c:/nxp/mcuxpressoide_11.4.0_6237/ide/plugins/com.nxp.mcuxpresso.tools.win32_11.4.0.202103011116/tools/bin/../lib/gcc/arm-none-eabi/10.2.1/../../../../arm-none-eabi/lib/thumb/v6-m/nofp\libcr_c.a(remove.o)
 .comment       0x0000004d       0x4e c:/nxp/mcuxpressoide_11.4.0_6237/ide/plugins/com.nxp.mcuxpresso.tools.win32_11.4.0.202103011116/tools/bin/../lib/gcc/arm-none-eabi/10.2.1/../../../../arm-none-eabi/lib/thumb/v6-m/nofp\libcr_c.a(_cr_check_heap.o)
 .comment       0x0000004d       0x4e c:/nxp/mcuxpressoide_11.4.0_6237/ide/plugins/com.nxp.mcuxpresso.tools.win32_11.4.0.202103011116/tools/bin/../lib/gcc/arm-none-eabi/10.2.1/../../../../arm-none-eabi/lib/thumb/v6-m/nofp\libcr_c.a(_do_fflush.o)
 .comment       0x0000004d       0x4e c:/nxp/mcuxpressoide_11.4.0_6237/ide/plugins/com.nxp.mcuxpresso.tools.win32_11.4.0.202103011116/tools/bin/../lib/gcc/arm-none-eabi/10.2.1/thumb/v6-m/nofp\libcr_eabihelpers.a(double.o)
 .comment       0x0000004d       0x4e c:/nxp/mcuxpressoide_11.4.0_6237/ide/plugins/com.nxp.mcuxpresso.tools.win32_11.4.0.202103011116/tools/bin/../lib/gcc/arm-none-eabi/10.2.1/../../../../arm-none-eabi/lib/thumb/v6-m/nofp\libcr_nohost_nf.a(__sys_close.o)
 .comment       0x0000004d       0x4e c:/nxp/mcuxpressoide_11.4.0_6237/ide/plugins/com.nxp.mcuxpresso.tools.win32_11.4.0.202103011116/tools/bin/../lib/gcc/arm-none-eabi/10.2.1/../../../../arm-none-eabi/lib/thumb/v6-m/nofp\libcr_nohost_nf.a(__sys_flen.o)
 .comment       0x0000004d       0x4e c:/nxp/mcuxpressoide_11.4.0_6237/ide/plugins/com.nxp.mcuxpresso.tools.win32_11.4.0.202103011116/tools/bin/../lib/gcc/arm-none-eabi/10.2.1/../../../../arm-none-eabi/lib/thumb/v6-m/nofp\libcr_nohost_nf.a(__sys_istty.o)
 .comment       0x0000004d       0x4e c:/nxp/mcuxpressoide_11.4.0_6237/ide/plugins/com.nxp.mcuxpresso.tools.win32_11.4.0.202103011116/tools/bin/../lib/gcc/arm-none-eabi/10.2.1/../../../../arm-none-eabi/lib/thumb/v6-m/nofp\libcr_nohost_nf.a(__sys_read.o)
 .comment       0x0000004d       0x4e c:/nxp/mcuxpressoide_11.4.0_6237/ide/plugins/com.nxp.mcuxpresso.tools.win32_11.4.0.202103011116/tools/bin/../lib/gcc/arm-none-eabi/10.2.1/../../../../arm-none-eabi/lib/thumb/v6-m/nofp\libcr_nohost_nf.a(__sys_remove.o)
 .comment       0x0000004d       0x4e c:/nxp/mcuxpressoide_11.4.0_6237/ide/plugins/com.nxp.mcuxpresso.tools.win32_11.4.0.202103011116/tools/bin/../lib/gcc/arm-none-eabi/10.2.1/../../../../arm-none-eabi/lib/thumb/v6-m/nofp\libcr_nohost_nf.a(__sys_seek.o)
 .comment       0x0000004d       0x4e c:/nxp/mcuxpressoide_11.4.0_6237/ide/plugins/com.nxp.mcuxpresso.tools.win32_11.4.0.202103011116/tools/bin/../lib/gcc/arm-none-eabi/10.2.1/../../../../arm-none-eabi/lib/thumb/v6-m/nofp\libcr_nohost_nf.a(__sys_tmpnam.o)

.ARM.attributes
                0x00000000       0x2a
 .ARM.attributes
                0x00000000       0x2c ./startup/startup_mkl25z4.o
 .ARM.attributes
                0x0000002c       0x2c ./source/uart/uart.o
 .ARM.attributes
                0x00000058       0x2c ./source/tpm/tpm.o
 .ARM.attributes
                0x00000084       0x2c ./source/flash/flash.o
 .ARM.attributes
                0x000000b0       0x2c ./source/fifo/cbfifo.o
 .ARM.attributes
                0x000000dc       0x2c ./source/cmdcentre/cmdcentre.o
 .ARM.attributes
                0x00000108       0x2c ./source/bootloader/bootApp.o
 .ARM.attributes
                0x00000134       0x2c ./source/bootloader/bootloader.o
 .ARM.attributes
                0x00000160       0x2c ./source/bootloader/loadApp.o
 .ARM.attributes
                0x0000018c       0x2c ./source/Bootloader_PES.o
 .ARM.attributes
                0x000001b8       0x32 ./source/mtb.o
 .ARM.attributes
                0x000001ea       0x2c ./source/semihost_hardfault.o
 .ARM.attributes
                0x00000216       0x2c ./drivers/fsl_clock.o
 .ARM.attributes
                0x00000242       0x2c ./drivers/fsl_lpsci.o
 .ARM.attributes
                0x0000026e       0x2c ./board/board.o
 .ARM.attributes
                0x0000029a       0x2c ./board/clock_config.o
 .ARM.attributes
                0x000002c6       0x2c ./board/peripherals.o
 .ARM.attributes
                0x000002f2       0x2c ./board/pin_mux.o
 .ARM.attributes
                0x0000031e       0x2c ./CMSIS/system_MKL25Z4.o
 .ARM.attributes
                0x0000034a       0x2c c:/nxp/mcuxpressoide_11.4.0_6237/ide/plugins/com.nxp.mcuxpresso.tools.win32_11.4.0.202103011116/tools/bin/../lib/gcc/arm-none-eabi/10.2.1/../../../../arm-none-eabi/lib/thumb/v6-m/nofp\libcr_nohost_nf.a(_cr__main.o)
 .ARM.attributes
                0x00000376       0x2c c:/nxp/mcuxpressoide_11.4.0_6237/ide/plugins/com.nxp.mcuxpresso.tools.win32_11.4.0.202103011116/tools/bin/../lib/gcc/arm-none-eabi/10.2.1/../../../../arm-none-eabi/lib/thumb/v6-m/nofp\libcr_nohost_nf.a(_cr_assert.o)
 .ARM.attributes
                0x000003a2       0x31 c:/nxp/mcuxpressoide_11.4.0_6237/ide/plugins/com.nxp.mcuxpresso.tools.win32_11.4.0.202103011116/tools/bin/../lib/gcc/arm-none-eabi/10.2.1/../../../../arm-none-eabi/lib/thumb/v6-m/nofp\libcr_nohost_nf.a(__ciob.o)
 .ARM.attributes
                0x000003d3       0x2c c:/nxp/mcuxpressoide_11.4.0_6237/ide/plugins/com.nxp.mcuxpresso.tools.win32_11.4.0.202103011116/tools/bin/../lib/gcc/arm-none-eabi/10.2.1/../../../../arm-none-eabi/lib/thumb/v6-m/nofp\libcr_nohost_nf.a(__sys_appexit.o)
 .ARM.attributes
                0x000003ff       0x2c c:/nxp/mcuxpressoide_11.4.0_6237/ide/plugins/com.nxp.mcuxpresso.tools.win32_11.4.0.202103011116/tools/bin/../lib/gcc/arm-none-eabi/10.2.1/../../../../arm-none-eabi/lib/thumb/v6-m/nofp\libcr_c.a(memset.o)
 .ARM.attributes
                0x0000042b       0x2c c:/nxp/mcuxpressoide_11.4.0_6237/ide/plugins/com.nxp.mcuxpresso.tools.win32_11.4.0.202103011116/tools/bin/../lib/gcc/arm-none-eabi/10.2.1/../../../../arm-none-eabi/lib/thumb/v6-m/nofp\libcr_c.a(_deferredlazyseek.o)
 .ARM.attributes
                0x00000457       0x2c c:/nxp/mcuxpressoide_11.4.0_6237/ide/plugins/com.nxp.mcuxpresso.tools.win32_11.4.0.202103011116/tools/bin/../lib/gcc/arm-none-eabi/10.2.1/../../../../arm-none-eabi/lib/thumb/v6-m/nofp\libcr_c.a(_fflush.o)
 .ARM.attributes
                0x00000483       0x2c c:/nxp/mcuxpressoide_11.4.0_6237/ide/plugins/com.nxp.mcuxpresso.tools.win32_11.4.0.202103011116/tools/bin/../lib/gcc/arm-none-eabi/10.2.1/../../../../arm-none-eabi/lib/thumb/v6-m/nofp\libcr_c.a(_writebuf.o)
 .ARM.attributes
                0x000004af       0x2c c:/nxp/mcuxpressoide_11.4.0_6237/ide/plugins/com.nxp.mcuxpresso.tools.win32_11.4.0.202103011116/tools/bin/../lib/gcc/arm-none-eabi/10.2.1/../../../../arm-none-eabi/lib/thumb/v6-m/nofp\libcr_c.a(alloc.o)
 .ARM.attributes
                0x000004db       0x2c c:/nxp/mcuxpressoide_11.4.0_6237/ide/plugins/com.nxp.mcuxpresso.tools.win32_11.4.0.202103011116/tools/bin/../lib/gcc/arm-none-eabi/10.2.1/../../../../arm-none-eabi/lib/thumb/v6-m/nofp\libcr_c.a(ctype.o)
 .ARM.attributes
                0x00000507       0x2c c:/nxp/mcuxpressoide_11.4.0_6237/ide/plugins/com.nxp.mcuxpresso.tools.win32_11.4.0.202103011116/tools/bin/../lib/gcc/arm-none-eabi/10.2.1/../../../../arm-none-eabi/lib/thumb/v6-m/nofp\libcr_c.a(fputs.o)
 .ARM.attributes
                0x00000533       0x2c c:/nxp/mcuxpressoide_11.4.0_6237/ide/plugins/com.nxp.mcuxpresso.tools.win32_11.4.0.202103011116/tools/bin/../lib/gcc/arm-none-eabi/10.2.1/../../../../arm-none-eabi/lib/thumb/v6-m/nofp\libcr_c.a(fseek.o)
 .ARM.attributes
                0x0000055f       0x2c c:/nxp/mcuxpressoide_11.4.0_6237/ide/plugins/com.nxp.mcuxpresso.tools.win32_11.4.0.202103011116/tools/bin/../lib/gcc/arm-none-eabi/10.2.1/../../../../arm-none-eabi/lib/thumb/v6-m/nofp\libcr_c.a(ftell.o)
 .ARM.attributes
                0x0000058b       0x2c c:/nxp/mcuxpressoide_11.4.0_6237/ide/plugins/com.nxp.mcuxpresso.tools.win32_11.4.0.202103011116/tools/bin/../lib/gcc/arm-none-eabi/10.2.1/../../../../arm-none-eabi/lib/thumb/v6-m/nofp\libcr_c.a(initio.o)
 .ARM.attributes
                0x000005b7       0x2c c:/nxp/mcuxpressoide_11.4.0_6237/ide/plugins/com.nxp.mcuxpresso.tools.win32_11.4.0.202103011116/tools/bin/../lib/gcc/arm-none-eabi/10.2.1/../../../../arm-none-eabi/lib/thumb/v6-m/nofp\libcr_c.a(printf.o)
 .ARM.attributes
                0x000005e3       0x2c c:/nxp/mcuxpressoide_11.4.0_6237/ide/plugins/com.nxp.mcuxpresso.tools.win32_11.4.0.202103011116/tools/bin/../lib/gcc/arm-none-eabi/10.2.1/../../../../arm-none-eabi/lib/thumb/v6-m/nofp\libcr_c.a(scanf.o)
 .ARM.attributes
                0x0000060f       0x2c c:/nxp/mcuxpressoide_11.4.0_6237/ide/plugins/com.nxp.mcuxpresso.tools.win32_11.4.0.202103011116/tools/bin/../lib/gcc/arm-none-eabi/10.2.1/../../../../arm-none-eabi/lib/thumb/v6-m/nofp\libcr_c.a(setvbuf.o)
 .ARM.attributes
                0x0000063b       0x2c c:/nxp/mcuxpressoide_11.4.0_6237/ide/plugins/com.nxp.mcuxpresso.tools.win32_11.4.0.202103011116/tools/bin/../lib/gcc/arm-none-eabi/10.2.1/../../../../arm-none-eabi/lib/thumb/v6-m/nofp\libcr_c.a(strcmp.o)
 .ARM.attributes
                0x00000667       0x2c c:/nxp/mcuxpressoide_11.4.0_6237/ide/plugins/com.nxp.mcuxpresso.tools.win32_11.4.0.202103011116/tools/bin/../lib/gcc/arm-none-eabi/10.2.1/../../../../arm-none-eabi/lib/thumb/v6-m/nofp\libcr_c.a(strlen.o)
 .ARM.attributes
                0x00000693       0x2c c:/nxp/mcuxpressoide_11.4.0_6237/ide/plugins/com.nxp.mcuxpresso.tools.win32_11.4.0.202103011116/tools/bin/../lib/gcc/arm-none-eabi/10.2.1/../../../../arm-none-eabi/lib/thumb/v6-m/nofp\libcr_c.a(strncpy.o)
 .ARM.attributes
                0x000006bf       0x2c c:/nxp/mcuxpressoide_11.4.0_6237/ide/plugins/com.nxp.mcuxpresso.tools.win32_11.4.0.202103011116/tools/bin/../lib/gcc/arm-none-eabi/10.2.1/../../../../arm-none-eabi/lib/thumb/v6-m/nofp\libcr_c.a(ungetc.o)
 .ARM.attributes
                0x000006eb       0x2c c:/nxp/mcuxpressoide_11.4.0_6237/ide/plugins/com.nxp.mcuxpresso.tools.win32_11.4.0.202103011116/tools/bin/../lib/gcc/arm-none-eabi/10.2.1/../../../../arm-none-eabi/lib/thumb/v6-m/nofp\libcr_c.a(__fillbuf.o)
 .ARM.attributes
                0x00000717       0x2c c:/nxp/mcuxpressoide_11.4.0_6237/ide/plugins/com.nxp.mcuxpresso.tools.win32_11.4.0.202103011116/tools/bin/../lib/gcc/arm-none-eabi/10.2.1/../../../../arm-none-eabi/lib/thumb/v6-m/nofp\libcr_c.a(__init_alloc.o)
 .ARM.attributes
                0x00000743       0x2c c:/nxp/mcuxpressoide_11.4.0_6237/ide/plugins/com.nxp.mcuxpresso.tools.win32_11.4.0.202103011116/tools/bin/../lib/gcc/arm-none-eabi/10.2.1/../../../../arm-none-eabi/lib/thumb/v6-m/nofp\libcr_c.a(_cr_sbrk.o)
 .ARM.attributes
                0x0000076f       0x2c c:/nxp/mcuxpressoide_11.4.0_6237/ide/plugins/com.nxp.mcuxpresso.tools.win32_11.4.0.202103011116/tools/bin/../lib/gcc/arm-none-eabi/10.2.1/../../../../arm-none-eabi/lib/thumb/v6-m/nofp\libcr_c.a(_fdopen.o)
 .ARM.attributes
                0x0000079b       0x2c c:/nxp/mcuxpressoide_11.4.0_6237/ide/plugins/com.nxp.mcuxpresso.tools.win32_11.4.0.202103011116/tools/bin/../lib/gcc/arm-none-eabi/10.2.1/../../../../arm-none-eabi/lib/thumb/v6-m/nofp\libcr_c.a(_frexpl.o)
 .ARM.attributes
                0x000007c7       0x2c c:/nxp/mcuxpressoide_11.4.0_6237/ide/plugins/com.nxp.mcuxpresso.tools.win32_11.4.0.202103011116/tools/bin/../lib/gcc/arm-none-eabi/10.2.1/../../../../arm-none-eabi/lib/thumb/v6-m/nofp\libcr_c.a(_ldexpl.o)
 .ARM.attributes
                0x000007f3       0x31 c:/nxp/mcuxpressoide_11.4.0_6237/ide/plugins/com.nxp.mcuxpresso.tools.win32_11.4.0.202103011116/tools/bin/../lib/gcc/arm-none-eabi/10.2.1/../../../../arm-none-eabi/lib/thumb/v6-m/nofp\libcr_c.a(errno.o)
 .ARM.attributes
                0x00000824       0x2c c:/nxp/mcuxpressoide_11.4.0_6237/ide/plugins/com.nxp.mcuxpresso.tools.win32_11.4.0.202103011116/tools/bin/../lib/gcc/arm-none-eabi/10.2.1/../../../../arm-none-eabi/lib/thumb/v6-m/nofp\libcr_c.a(fclose.o)
 .ARM.attributes
                0x00000850       0x2c c:/nxp/mcuxpressoide_11.4.0_6237/ide/plugins/com.nxp.mcuxpresso.tools.win32_11.4.0.202103011116/tools/bin/../lib/gcc/arm-none-eabi/10.2.1/../../../../arm-none-eabi/lib/thumb/v6-m/nofp\libcr_c.a(fflush.o)
 .ARM.attributes
                0x0000087c       0x2c c:/nxp/mcuxpressoide_11.4.0_6237/ide/plugins/com.nxp.mcuxpresso.tools.win32_11.4.0.202103011116/tools/bin/../lib/gcc/arm-none-eabi/10.2.1/../../../../arm-none-eabi/lib/thumb/v6-m/nofp\libcr_c.a(remove.o)
 .ARM.attributes
                0x000008a8       0x2c c:/nxp/mcuxpressoide_11.4.0_6237/ide/plugins/com.nxp.mcuxpresso.tools.win32_11.4.0.202103011116/tools/bin/../lib/gcc/arm-none-eabi/10.2.1/../../../../arm-none-eabi/lib/thumb/v6-m/nofp\libcr_c.a(_cr_check_heap.o)
 .ARM.attributes
                0x000008d4       0x2c c:/nxp/mcuxpressoide_11.4.0_6237/ide/plugins/com.nxp.mcuxpresso.tools.win32_11.4.0.202103011116/tools/bin/../lib/gcc/arm-none-eabi/10.2.1/../../../../arm-none-eabi/lib/thumb/v6-m/nofp\libcr_c.a(_do_fflush.o)
 .ARM.attributes
                0x00000900       0x1c c:/nxp/mcuxpressoide_11.4.0_6237/ide/plugins/com.nxp.mcuxpresso.tools.win32_11.4.0.202103011116/tools/bin/../lib/gcc/arm-none-eabi/10.2.1/thumb/v6-m/nofp\libcr_eabihelpers.a(division_32.o)
 .ARM.attributes
                0x0000091c       0x1c c:/nxp/mcuxpressoide_11.4.0_6237/ide/plugins/com.nxp.mcuxpresso.tools.win32_11.4.0.202103011116/tools/bin/../lib/gcc/arm-none-eabi/10.2.1/thumb/v6-m/nofp\libcr_eabihelpers.a(division_idiv0.o)
 .ARM.attributes
                0x00000938       0x2c c:/nxp/mcuxpressoide_11.4.0_6237/ide/plugins/com.nxp.mcuxpresso.tools.win32_11.4.0.202103011116/tools/bin/../lib/gcc/arm-none-eabi/10.2.1/thumb/v6-m/nofp\libcr_eabihelpers.a(double.o)
 .ARM.attributes
                0x00000964       0x1c c:/nxp/mcuxpressoide_11.4.0_6237/ide/plugins/com.nxp.mcuxpresso.tools.win32_11.4.0.202103011116/tools/bin/../lib/gcc/arm-none-eabi/10.2.1/thumb/v6-m/nofp\libcr_eabihelpers.a(llong.o)
 .ARM.attributes
                0x00000980       0x1c c:/nxp/mcuxpressoide_11.4.0_6237/ide/plugins/com.nxp.mcuxpresso.tools.win32_11.4.0.202103011116/tools/bin/../lib/gcc/arm-none-eabi/10.2.1/thumb/v6-m/nofp\libcr_eabihelpers.a(memcpy.o)
 .ARM.attributes
                0x0000099c       0x1c c:/nxp/mcuxpressoide_11.4.0_6237/ide/plugins/com.nxp.mcuxpresso.tools.win32_11.4.0.202103011116/tools/bin/../lib/gcc/arm-none-eabi/10.2.1/thumb/v6-m/nofp\libcr_eabihelpers.a(thumb1_switch_helpers.o)
 .ARM.attributes
                0x000009b8       0x2c c:/nxp/mcuxpressoide_11.4.0_6237/ide/plugins/com.nxp.mcuxpresso.tools.win32_11.4.0.202103011116/tools/bin/../lib/gcc/arm-none-eabi/10.2.1/../../../../arm-none-eabi/lib/thumb/v6-m/nofp\libcr_nohost_nf.a(__sys_close.o)
 .ARM.attributes
                0x000009e4       0x2c c:/nxp/mcuxpressoide_11.4.0_6237/ide/plugins/com.nxp.mcuxpresso.tools.win32_11.4.0.202103011116/tools/bin/../lib/gcc/arm-none-eabi/10.2.1/../../../../arm-none-eabi/lib/thumb/v6-m/nofp\libcr_nohost_nf.a(__sys_flen.o)
 .ARM.attributes
                0x00000a10       0x2c c:/nxp/mcuxpressoide_11.4.0_6237/ide/plugins/com.nxp.mcuxpresso.tools.win32_11.4.0.202103011116/tools/bin/../lib/gcc/arm-none-eabi/10.2.1/../../../../arm-none-eabi/lib/thumb/v6-m/nofp\libcr_nohost_nf.a(__sys_istty.o)
 .ARM.attributes
                0x00000a3c       0x2c c:/nxp/mcuxpressoide_11.4.0_6237/ide/plugins/com.nxp.mcuxpresso.tools.win32_11.4.0.202103011116/tools/bin/../lib/gcc/arm-none-eabi/10.2.1/../../../../arm-none-eabi/lib/thumb/v6-m/nofp\libcr_nohost_nf.a(__sys_read.o)
 .ARM.attributes
                0x00000a68       0x2c c:/nxp/mcuxpressoide_11.4.0_6237/ide/plugins/com.nxp.mcuxpresso.tools.win32_11.4.0.202103011116/tools/bin/../lib/gcc/arm-none-eabi/10.2.1/../../../../arm-none-eabi/lib/thumb/v6-m/nofp\libcr_nohost_nf.a(__sys_remove.o)
 .ARM.attributes
                0x00000a94       0x2c c:/nxp/mcuxpressoide_11.4.0_6237/ide/plugins/com.nxp.mcuxpresso.tools.win32_11.4.0.202103011116/tools/bin/../lib/gcc/arm-none-eabi/10.2.1/../../../../arm-none-eabi/lib/thumb/v6-m/nofp\libcr_nohost_nf.a(__sys_seek.o)
 .ARM.attributes
                0x00000ac0       0x2c c:/nxp/mcuxpressoide_11.4.0_6237/ide/plugins/com.nxp.mcuxpresso.tools.win32_11.4.0.202103011116/tools/bin/../lib/gcc/arm-none-eabi/10.2.1/../../../../arm-none-eabi/lib/thumb/v6-m/nofp\libcr_nohost_nf.a(__sys_tmpnam.o)

.debug_frame    0x00000000     0x186c
 .debug_frame   0x00000000      0x3b0 ./startup/startup_mkl25z4.o
 .debug_frame   0x000003b0      0x26c ./source/uart/uart.o
 .debug_frame   0x0000061c       0xe0 ./source/tpm/tpm.o
 .debug_frame   0x000006fc       0x90 ./source/flash/flash.o
 .debug_frame   0x0000078c       0xf0 ./source/fifo/cbfifo.o
 .debug_frame   0x0000087c       0xf8 ./source/cmdcentre/cmdcentre.o
 .debug_frame   0x00000974       0x2c ./source/bootloader/bootApp.o
 .debug_frame   0x000009a0       0x84 ./source/bootloader/bootloader.o
 .debug_frame   0x00000a24       0xb8 ./source/bootloader/loadApp.o
 .debug_frame   0x00000adc       0x30 ./source/Bootloader_PES.o
 .debug_frame   0x00000b0c       0x20 ./source/semihost_hardfault.o
 .debug_frame   0x00000b2c      0x6e0 ./drivers/fsl_clock.o
 .debug_frame   0x0000120c      0x414 ./drivers/fsl_lpsci.o
 .debug_frame   0x00001620       0x4c ./board/board.o
 .debug_frame   0x0000166c      0x100 ./board/clock_config.o
 .debug_frame   0x0000176c       0x2c ./board/peripherals.o
 .debug_frame   0x00001798       0x88 ./board/pin_mux.o
 .debug_frame   0x00001820       0x4c ./CMSIS/system_MKL25Z4.o

Cross Reference Table

Symbol                                            File
ADC0_DriverIRQHandler                             ./startup/startup_mkl25z4.o
ADC0_IRQHandler                                   ./startup/startup_mkl25z4.o
BOARD_BootClockRUN                                ./board/clock_config.o
BOARD_BootClockVLPR                               ./board/clock_config.o
BOARD_InitBootClocks                              ./board/clock_config.o
                                                  ./source/Bootloader_PES.o
BOARD_InitBootPeripherals                         ./board/peripherals.o
                                                  ./source/Bootloader_PES.o
BOARD_InitBootPins                                ./board/pin_mux.o
                                                  ./source/Bootloader_PES.o
BOARD_InitDebugConsole                            ./board/board.o
                                                  ./source/Bootloader_PES.o
BOARD_InitPins                                    ./board/pin_mux.o
BootApp                                           ./source/bootloader/bootApp.o
                                                  ./source/bootloader/bootloader.o
Bootloader_GetState                               ./source/bootloader/bootloader.o
                                                  ./source/cmdcentre/cmdcentre.o
Bootloader_OneSecondCounter                       ./source/bootloader/bootloader.o
                                                  ./source/Bootloader_PES.o
Bootloader_SetState                               ./source/bootloader/bootloader.o
                                                  ./source/cmdcentre/cmdcentre.o
Bootloader_StateMachine                           ./source/bootloader/bootloader.o
                                                  ./source/Bootloader_PES.o
CLOCK_BootToBlpeMode                              ./drivers/fsl_clock.o
CLOCK_BootToBlpiMode                              ./drivers/fsl_clock.o
                                                  ./board/clock_config.o
CLOCK_BootToFeeMode                               ./drivers/fsl_clock.o
CLOCK_BootToFeiMode                               ./drivers/fsl_clock.o
CLOCK_BootToPeeMode                               ./drivers/fsl_clock.o
                                                  ./board/clock_config.o
CLOCK_CalcPllDiv                                  ./drivers/fsl_clock.o
CLOCK_ClearStatusFlags                            ./drivers/fsl_clock.o
CLOCK_DeinitOsc0                                  ./drivers/fsl_clock.o
CLOCK_EnablePll0                                  ./drivers/fsl_clock.o
CLOCK_EnableUsbfs0Clock                           ./drivers/fsl_clock.o
CLOCK_ExternalModeToFbeModeQuick                  ./drivers/fsl_clock.o
CLOCK_FllStableDelay                              ./drivers/fsl_clock.o
CLOCK_GetBusClkFreq                               ./drivers/fsl_clock.o
CLOCK_GetCoreSysClkFreq                           ./drivers/fsl_clock.o
CLOCK_GetEr32kClkFreq                             ./drivers/fsl_clock.o
CLOCK_GetFixedFreqClkFreq                         ./drivers/fsl_clock.o
CLOCK_GetFlashClkFreq                             ./drivers/fsl_clock.o
CLOCK_GetFllFreq                                  ./drivers/fsl_clock.o
CLOCK_GetFreq                                     ./drivers/fsl_clock.o
CLOCK_GetInternalRefClkFreq                       ./drivers/fsl_clock.o
CLOCK_GetMode                                     ./drivers/fsl_clock.o
CLOCK_GetOsc0ErClkFreq                            ./drivers/fsl_clock.o
CLOCK_GetOutClkFreq                               ./drivers/fsl_clock.o
CLOCK_GetPlatClkFreq                              ./drivers/fsl_clock.o
CLOCK_GetPll0Freq                                 ./drivers/fsl_clock.o
CLOCK_GetPllFllSelClkFreq                         ./drivers/fsl_clock.o
CLOCK_GetStatusFlags                              ./drivers/fsl_clock.o
CLOCK_InitOsc0                                    ./drivers/fsl_clock.o
                                                  ./board/clock_config.o
CLOCK_InternalModeToFbiModeQuick                  ./drivers/fsl_clock.o
CLOCK_SetBlpeMode                                 ./drivers/fsl_clock.o
CLOCK_SetBlpiMode                                 ./drivers/fsl_clock.o
CLOCK_SetExternalRefClkConfig                     ./drivers/fsl_clock.o
CLOCK_SetFbeMode                                  ./drivers/fsl_clock.o
CLOCK_SetFbiMode                                  ./drivers/fsl_clock.o
CLOCK_SetFeeMode                                  ./drivers/fsl_clock.o
CLOCK_SetFeiMode                                  ./drivers/fsl_clock.o
CLOCK_SetInternalRefClkConfig                     ./drivers/fsl_clock.o
                                                  ./board/clock_config.o
CLOCK_SetMcgConfig                                ./drivers/fsl_clock.o
CLOCK_SetOsc0MonitorMode                          ./drivers/fsl_clock.o
CLOCK_SetPbeMode                                  ./drivers/fsl_clock.o
CLOCK_SetPeeMode                                  ./drivers/fsl_clock.o
CLOCK_SetPll0MonitorMode                          ./drivers/fsl_clock.o
CLOCK_SetSimConfig                                ./drivers/fsl_clock.o
                                                  ./board/clock_config.o
CLOCK_TrimInternalRefClk                          ./drivers/fsl_clock.o
CMP0_DriverIRQHandler                             ./startup/startup_mkl25z4.o
CMP0_IRQHandler                                   ./startup/startup_mkl25z4.o
CmdCentre_BootApplication                         ./source/cmdcentre/cmdcentre.o
CmdCentre_CommandEngine                           ./source/cmdcentre/cmdcentre.o
                                                  ./source/Bootloader_PES.o
CmdCentre_Erase                                   ./source/cmdcentre/cmdcentre.o
CmdCentre_HelpHandler                             ./source/cmdcentre/cmdcentre.o
CmdCentre_Program                                 ./source/cmdcentre/cmdcentre.o
CmdCentre_WordEngine                              ./source/cmdcentre/cmdcentre.o
                                                  ./source/Bootloader_PES.o
DAC0_DriverIRQHandler                             ./startup/startup_mkl25z4.o
DAC0_IRQHandler                                   ./startup/startup_mkl25z4.o
DMA0_DriverIRQHandler                             ./startup/startup_mkl25z4.o
DMA0_IRQHandler                                   ./startup/startup_mkl25z4.o
DMA1_DriverIRQHandler                             ./startup/startup_mkl25z4.o
DMA1_IRQHandler                                   ./startup/startup_mkl25z4.o
DMA2_DriverIRQHandler                             ./startup/startup_mkl25z4.o
DMA2_IRQHandler                                   ./startup/startup_mkl25z4.o
DMA3_DriverIRQHandler                             ./startup/startup_mkl25z4.o
DMA3_IRQHandler                                   ./startup/startup_mkl25z4.o